Archive member included to satisfy reference by file (symbol)

app/libapp.a(main.c.obj)      (--whole-archive)
app/libapp.a(adc_sensor.c.obj)
                              (--whole-archive)
app/libapp.a(display_manager.c.obj)
                              (--whole-archive)
zephyr/libzephyr.a(validate_libc.c.obj)
                              (--whole-archive)
zephyr/libzephyr.a(heap.c.obj)
                              (--whole-archive)
zephyr/libzephyr.a(cbprintf_packaged.c.obj)
                              (--whole-archive)
zephyr/libzephyr.a(clock.c.obj)
                              (--whole-archive)
zephyr/libzephyr.a(printk.c.obj)
                              (--whole-archive)
zephyr/libzephyr.a(sem.c.obj)
                              (--whole-archive)
zephyr/libzephyr.a(thread_entry.c.obj)
                              (--whole-archive)
zephyr/libzephyr.a(cbprintf_complete.c.obj)
                              (--whole-archive)
zephyr/libzephyr.a(assert.c.obj)
                              (--whole-archive)
zephyr/libzephyr.a(mpsc_pbuf.c.obj)
                              (--whole-archive)
zephyr/libzephyr.a(dec.c.obj)
                              (--whole-archive)
zephyr/libzephyr.a(hex.c.obj)
                              (--whole-archive)
zephyr/libzephyr.a(rb.c.obj)  (--whole-archive)
zephyr/libzephyr.a(timeutil.c.obj)
                              (--whole-archive)
zephyr/libzephyr.a(bitarray.c.obj)
                              (--whole-archive)
zephyr/libzephyr.a(ring_buffer.c.obj)
                              (--whole-archive)
zephyr/libzephyr.a(last_section_id.c.obj)
                              (--whole-archive)
zephyr/libzephyr.a(configs.c.obj)
                              (--whole-archive)
zephyr/libzephyr.a(soc.c.obj)
                              (--whole-archive)
zephyr/libzephyr.a(cfb.c.obj)
                              (--whole-archive)
zephyr/libzephyr.a(cfb_fonts.c.obj)
                              (--whole-archive)
zephyr/libzephyr.a(log_core.c.obj)
                              (--whole-archive)
zephyr/libzephyr.a(log_mgmt.c.obj)
                              (--whole-archive)
zephyr/libzephyr.a(log_cache.c.obj)
                              (--whole-archive)
zephyr/libzephyr.a(log_msg.c.obj)
                              (--whole-archive)
zephyr/libzephyr.a(log_output.c.obj)
                              (--whole-archive)
zephyr/libzephyr.a(log_backend_uart.c.obj)
                              (--whole-archive)
zephyr/libzephyr.a(tracing_none.c.obj)
                              (--whole-archive)
zephyr/arch/common/libarch__common.a(sw_isr_common.c.obj)
                              (--whole-archive)
zephyr/arch/arch/arm/core/libarch__arm__core.a(fatal.c.obj)
                              (--whole-archive)
zephyr/arch/arch/arm/core/libarch__arm__core.a(nmi.c.obj)
                              (--whole-archive)
zephyr/arch/arch/arm/core/libarch__arm__core.a(nmi_on_reset.S.obj)
                              (--whole-archive)
zephyr/arch/arch/arm/core/libarch__arm__core.a(tls.c.obj)
                              (--whole-archive)
zephyr/arch/arch/arm/core/cortex_m/libarch__arm__core__cortex_m.a(exc_exit.c.obj)
                              (--whole-archive)
zephyr/arch/arch/arm/core/cortex_m/libarch__arm__core__cortex_m.a(fault.c.obj)
                              (--whole-archive)
zephyr/arch/arch/arm/core/cortex_m/libarch__arm__core__cortex_m.a(fault_s.S.obj)
                              (--whole-archive)
zephyr/arch/arch/arm/core/cortex_m/libarch__arm__core__cortex_m.a(fpu.c.obj)
                              (--whole-archive)
zephyr/arch/arch/arm/core/cortex_m/libarch__arm__core__cortex_m.a(reset.S.obj)
                              (--whole-archive)
zephyr/arch/arch/arm/core/cortex_m/libarch__arm__core__cortex_m.a(scb.c.obj)
                              (--whole-archive)
zephyr/arch/arch/arm/core/cortex_m/libarch__arm__core__cortex_m.a(thread_abort.c.obj)
                              (--whole-archive)
zephyr/arch/arch/arm/core/cortex_m/libarch__arm__core__cortex_m.a(vector_table.S.obj)
                              (--whole-archive)
zephyr/arch/arch/arm/core/cortex_m/libarch__arm__core__cortex_m.a(swap_helper.S.obj)
                              (--whole-archive)
zephyr/arch/arch/arm/core/cortex_m/libarch__arm__core__cortex_m.a(irq_manage.c.obj)
                              (--whole-archive)
zephyr/arch/arch/arm/core/cortex_m/libarch__arm__core__cortex_m.a(prep_c.c.obj)
                              (--whole-archive)
zephyr/arch/arch/arm/core/cortex_m/libarch__arm__core__cortex_m.a(thread.c.obj)
                              (--whole-archive)
zephyr/arch/arch/arm/core/cortex_m/libarch__arm__core__cortex_m.a(cpu_idle.c.obj)
                              (--whole-archive)
zephyr/arch/arch/arm/core/cortex_m/libarch__arm__core__cortex_m.a(irq_init.c.obj)
                              (--whole-archive)
[...]
Memory Configuration

Name             Origin             Length             Attributes
BOOT_FLASH       0x0000000010000000 0x0000000000000100 r
FLASH            0x0000000010000100 0x00000000001fff00 xr
RAM              0x0000000020000000 0x0000000000042000 xw
IDT_LIST         0x00000000ffff7fff 0x0000000000008000 xw
*default*        0x0000000000000000 0xffffffffffffffff

Linker script and memory map

                0x0000000010005dd0                vfprintf = __d_vfprintf
                0x0000000000000000                vfscanf = __d_vfscanf
LOAD zephyr/CMakeFiles/zephyr_final.dir/misc/empty_file.c.obj
LOAD zephyr/CMakeFiles/zephyr_final.dir/isr_tables.c.obj
LOAD zephyr/CMakeFiles/offsets.dir/./arch/arm/core/offsets/offsets.c.obj
LOAD app/libapp.a
LOAD zephyr/libzephyr.a
LOAD zephyr/arch/common/libarch__common.a
LOAD zephyr/arch/arch/arm/core/libarch__arm__core.a
LOAD zephyr/arch/arch/arm/core/cortex_m/libarch__arm__core__cortex_m.a
LOAD zephyr/lib/libc/picolibc/liblib__libc__picolibc.a
LOAD zephyr/lib/libc/common/liblib__libc__common.a
LOAD zephyr/drivers/adc/libdrivers__adc.a
LOAD zephyr/drivers/clock_control/libdrivers__clock_control.a
LOAD zephyr/drivers/console/libdrivers__console.a
LOAD zephyr/drivers/display/libdrivers__display.a
LOAD zephyr/drivers/gpio/libdrivers__gpio.a
LOAD zephyr/drivers/i2c/libdrivers__i2c.a
LOAD zephyr/drivers/pinctrl/libdrivers__pinctrl.a
LOAD zephyr/drivers/reset/libdrivers__reset.a
LOAD zephyr/drivers/serial/libdrivers__serial.a
LOAD zephyr/drivers/timer/libdrivers__timer.a
LOAD modules/hal_rpi_pico/libmodules__hal_rpi_pico.a
LOAD zephyr/kernel/libkernel.a
LOAD zephyr/arch/common/libisr_tables.a
LOAD /home/marcus/zephyr-sdk-0.17.2/arm-zephyr-eabi/bin/../lib/gcc/../../picolibc/arm-zephyr-eabi/lib/thumb/v6-m/nofp/libc.a
LOAD /home/marcus/zephyr-sdk-0.17.2/arm-zephyr-eabi/bin/../lib/gcc/arm-zephyr-eabi/12.2.0/thumb/v6-m/nofp/libgcc.a

.boot2          0x0000000010000000      0x100
 *(SORT_BY_ALIGNMENT(.boot2))
 .boot2         0x0000000010000000      0x100 modules/hal_rpi_pico/libmodules__hal_rpi_pico.a(boot_stage2.S.obj)
                0x0000000000000004                _region_min_align = 0x4

.rel.plt        0x0000000010000100        0x0
 *(SORT_BY_ALIGNMENT(.rel.plt))
                [!provide]                        PROVIDE (__rel_iplt_start = .)
 *(SORT_BY_ALIGNMENT(.rel.iplt))
 .rel.iplt      0x0000000010000100        0x0 zephyr/CMakeFiles/zephyr_final.dir/isr_tables.c.obj
                [!provide]                        PROVIDE (__rel_iplt_end = .)

.rela.plt       0x0000000010000100        0x0
 *(SORT_BY_ALIGNMENT(.rela.plt))
                [!provide]                        PROVIDE (__rela_iplt_start = .)
 *(SORT_BY_ALIGNMENT(.rela.iplt))
                [!provide]                        PROVIDE (__rela_iplt_end = .)

.rel.dyn
 *(SORT_BY_ALIGNMENT(.rel.*))

.rela.dyn
 *(SORT_BY_ALIGNMENT(.rela.*))

/DISCARD/
 *(SORT_BY_ALIGNMENT(.plt))

/DISCARD/
 *(SORT_BY_ALIGNMENT(.iplt))
                0x0000000010000100                __rom_region_start = 0x10000100

rom_start       0x0000000010000100       0xa8
                0x0000000010000100                __rom_start_address = .
 FILL mask 0x00
                0x0000000010000100                . = (. + (0x0 - (. - __rom_start_address)))
                0x0000000010000100                . = ALIGN (0x4)
                0x0000000010000100                . = ALIGN (0x100)
                0x0000000010000100                . = ALIGN (0x100)
                0x0000000010000100                _vector_start = .
 *(SORT_BY_ALIGNMENT(.exc_vector_table))
 *(SORT_BY_ALIGNMENT(.exc_vector_table.*))
 .exc_vector_table._vector_table_section
                0x0000000010000100       0x40 zephyr/arch/arch/arm/core/cortex_m/libarch__arm__core__cortex_m.a(vector_table.S.obj)
                0x0000000010000100                _vector_table
 *(SORT_BY_ALIGNMENT(.vectors))
                0x00000000100001a8                _vector_end = .
                0x0000000010000140                . = ALIGN (0x4)
 *(SORT_BY_ALIGNMENT(.gnu.linkonce.irq_vector_table*))
 .gnu.linkonce.irq_vector_table
                0x0000000010000140       0x68 zephyr/CMakeFiles/zephyr_final.dir/isr_tables.c.obj
                0x0000000010000140                _irq_vector_table
                0x00000000100001a8                _vector_end = .

text            0x00000000100001a8     0x8928
                0x00000000100001a8                __text_region_start = .
 *(SORT_BY_ALIGNMENT(.text))
 .text          0x00000000100001a8       0x14 /home/marcus/zephyr-sdk-0.17.2/arm-zephyr-eabi/bin/../lib/gcc/arm-zephyr-eabi/12.2.0/thumb/v6-m/nofp/libgcc.a(_thumb1_case_sqi.o)
                0x00000000100001a8                __gnu_thumb1_case_sqi
 .text          0x00000000100001bc       0x14 /home/marcus/zephyr-sdk-0.17.2/arm-zephyr-eabi/bin/../lib/gcc/arm-zephyr-eabi/12.2.0/thumb/v6-m/nofp/libgcc.a(_thumb1_case_uqi.o)
                0x00000000100001bc                __gnu_thumb1_case_uqi
 .text          0x00000000100001d0       0x14 /home/marcus/zephyr-sdk-0.17.2/arm-zephyr-eabi/bin/../lib/gcc/arm-zephyr-eabi/12.2.0/thumb/v6-m/nofp/libgcc.a(_thumb1_case_uhi.o)
                0x00000000100001d0                __gnu_thumb1_case_uhi
 .text          0x00000000100001e4       0x8c /home/marcus/zephyr-sdk-0.17.2/arm-zephyr-eabi/bin/../lib/gcc/arm-zephyr-eabi/12.2.0/thumb/v6-m/nofp/libgcc.a(_udivsi3.o)
                0x00000000100001e4                __udivsi3
                0x00000000100001e4                __aeabi_uidiv
                0x000000001000025c                __aeabi_uidivmod
 .text          0x0000000010000270       0xa8 /home/marcus/zephyr-sdk-0.17.2/arm-zephyr-eabi/bin/../lib/gcc/arm-zephyr-eabi/12.2.0/thumb/v6-m/nofp/libgcc.a(_divsi3.o)
                0x0000000010000270                __aeabi_idiv
                0x0000000010000270                __divsi3
                0x0000000010000304                __aeabi_idivmod
 .text          0x0000000010000318        0x4 /home/marcus/zephyr-sdk-0.17.2/arm-zephyr-eabi/bin/../lib/gcc/arm-zephyr-eabi/12.2.0/thumb/v6-m/nofp/libgcc.a(_dvmd_tls.o)
                0x0000000010000318                __aeabi_ldiv0
                0x0000000010000318                __aeabi_idiv0
 .text          0x000000001000031c       0x18 /home/marcus/zephyr-sdk-0.17.2/arm-zephyr-eabi/bin/../lib/gcc/arm-zephyr-eabi/12.2.0/thumb/v6-m/nofp/libgcc.a(_lshrdi3.o)
                0x000000001000031c                __aeabi_llsr
                0x000000001000031c                __lshrdi3
 .text          0x0000000010000334       0x1c /home/marcus/zephyr-sdk-0.17.2/arm-zephyr-eabi/bin/../lib/gcc/arm-zephyr-eabi/12.2.0/thumb/v6-m/nofp/libgcc.a(_ashrdi3.o)
                0x0000000010000334                __ashrdi3
                0x0000000010000334                __aeabi_lasr
 .text          0x0000000010000350       0x18 /home/marcus/zephyr-sdk-0.17.2/arm-zephyr-eabi/bin/../lib/gcc/arm-zephyr-eabi/12.2.0/thumb/v6-m/nofp/libgcc.a(_ashldi3.o)
                0x0000000010000350                __ashldi3
                0x0000000010000350                __aeabi_llsl
 .text          0x0000000010000368       0x3c /home/marcus/zephyr-sdk-0.17.2/arm-zephyr-eabi/bin/../lib/gcc/arm-zephyr-eabi/12.2.0/thumb/v6-m/nofp/libgcc.a(_clzsi2.o)
                0x0000000010000368                __clzsi2
 .text          0x00000000100003a4       0x18 /home/marcus/zephyr-sdk-0.17.2/arm-zephyr-eabi/bin/../lib/gcc/arm-zephyr-eabi/12.2.0/thumb/v6-m/nofp/libgcc.a(_clzdi2.o)
                0x00000000100003a4                __clzdi2
 .text          0x00000000100003bc       0x40 /home/marcus/zephyr-sdk-0.17.2/arm-zephyr-eabi/bin/../lib/gcc/arm-zephyr-eabi/12.2.0/thumb/v6-m/nofp/libgcc.a(_ctzsi2.o)
                0x00000000100003bc                __ctzsi2
 .text          0x00000000100003fc       0x40 /home/marcus/zephyr-sdk-0.17.2/arm-zephyr-eabi/bin/../lib/gcc/arm-zephyr-eabi/12.2.0/thumb/v6-m/nofp/libgcc.a(_aeabi_uldivmod.o)
                0x00000000100003fc                __aeabi_uldivmod
 .text          0x000000001000043c      0x2e8 /home/marcus/zephyr-sdk-0.17.2/arm-zephyr-eabi/bin/../lib/gcc/arm-zephyr-eabi/12.2.0/thumb/v6-m/nofp/libgcc.a(addsf3.o)
                0x000000001000043c                __aeabi_fadd
 .text          0x0000000010000724      0x1c4 /home/marcus/zephyr-sdk-0.17.2/arm-zephyr-eabi/bin/../lib/gcc/arm-zephyr-eabi/12.2.0/thumb/v6-m/nofp/libgcc.a(divsf3.o)
                0x0000000010000724                __aeabi_fdiv
 .text          0x00000000100008e8      0x1ec /home/marcus/zephyr-sdk-0.17.2/arm-zephyr-eabi/bin/../lib/gcc/arm-zephyr-eabi/12.2.0/thumb/v6-m/nofp/libgcc.a(mulsf3.o)
                0x00000000100008e8                __aeabi_fmul
 .text          0x0000000010000ad4       0x3c /home/marcus/zephyr-sdk-0.17.2/arm-zephyr-eabi/bin/../lib/gcc/arm-zephyr-eabi/12.2.0/thumb/v6-m/nofp/libgcc.a(fixsfsi.o)
                0x0000000010000ad4                __aeabi_f2iz
 .text          0x0000000010000b10       0x88 /home/marcus/zephyr-sdk-0.17.2/arm-zephyr-eabi/bin/../lib/gcc/arm-zephyr-eabi/12.2.0/thumb/v6-m/nofp/libgcc.a(floatsisf.o)
                0x0000000010000b10                __aeabi_i2f
 .text          0x0000000010000b98       0x78 /home/marcus/zephyr-sdk-0.17.2/arm-zephyr-eabi/bin/../lib/gcc/arm-zephyr-eabi/12.2.0/thumb/v6-m/nofp/libgcc.a(floatunsisf.o)
                0x0000000010000b98                __aeabi_ui2f
 .text          0x0000000010000c10       0x84 /home/marcus/zephyr-sdk-0.17.2/arm-zephyr-eabi/bin/../lib/gcc/arm-zephyr-eabi/12.2.0/thumb/v6-m/nofp/libgcc.a(extendsfdf2.o)
                0x0000000010000c10                __aeabi_f2d
 .text          0x0000000010000c94        0xe /home/marcus/zephyr-sdk-0.17.2/arm-zephyr-eabi/bin/../lib/gcc/../../picolibc/arm-zephyr-eabi/lib/thumb/v6-m/nofp/libc.a(strlen.S.o)
                0x0000000010000c94                strlen
 .text          0x0000000010000ca2       0x44 /home/marcus/zephyr-sdk-0.17.2/arm-zephyr-eabi/bin/../lib/gcc/arm-zephyr-eabi/12.2.0/thumb/v6-m/nofp/libgcc.a(_muldi3.o)
                0x0000000010000ca2                __aeabi_lmul
                0x0000000010000ca2                __muldi3
 .text          0x0000000010000ce6        0xe /home/marcus/zephyr-sdk-0.17.2/arm-zephyr-eabi/bin/../lib/gcc/arm-zephyr-eabi/12.2.0/thumb/v6-m/nofp/libgcc.a(_ffssi2.o)
                0x0000000010000ce6                __ffssi2
 .text          0x0000000010000cf4       0xde /home/marcus/zephyr-sdk-0.17.2/arm-zephyr-eabi/bin/../lib/gcc/arm-zephyr-eabi/12.2.0/thumb/v6-m/nofp/libgcc.a(_udivmoddi4.o)
                0x0000000010000cf4                __udivmoddi4
 *(SORT_BY_ALIGNMENT(.text.*))
 *fill*         0x0000000010000dd2        0x2 
 .text.main     0x0000000010000dd4       0x7c app/libapp.a(main.c.obj)
                0x0000000010000dd4                main
 .text.adc_sensor_init
                0x0000000010000e50       0x58 app/libapp.a(adc_sensor.c.obj)
                0x0000000010000e50                adc_sensor_init
 .text.adc_sensor_read
                0x0000000010000ea8       0x50 app/libapp.a(adc_sensor.c.obj)
                0x0000000010000ea8                adc_sensor_read
 .text.display_manager_init
                0x0000000010000ef8       0x44 app/libapp.a(display_manager.c.obj)
                0x0000000010000ef8                display_manager_init
 .text.cbvprintf_package
                0x0000000010000f3c      0x3b8 zephyr/libzephyr.a(cbprintf_packaged.c.obj)
                0x0000000010000f3c                cbvprintf_package
 .text.cbprintf_package_convert
                0x00000000100012f4      0x430 zephyr/libzephyr.a(cbprintf_packaged.c.obj)
                0x00000000100012f4                cbprintf_package_convert
 .text.__printk_hook_install
                0x0000000010001724        0xc zephyr/libzephyr.a(printk.c.obj)
                0x0000000010001724                __printk_hook_install
 .text.z_thread_entry
                0x0000000010001730       0x30 zephyr/libzephyr.a(thread_entry.c.obj)
                0x0000000010001730                z_thread_entry
 .text.get_glyph_byte.part.0
                0x0000000010001760       0x18 zephyr/libzephyr.a(cfb.c.obj)
 .text.cfb_invert.constprop.0.isra.0
                0x0000000010001778       0x24 zephyr/libzephyr.a(cfb.c.obj)
 .text.draw_text.constprop.0
                0x000000001000179c      0x3b0 zephyr/libzephyr.a(cfb.c.obj)
 .text.cfb_framebuffer_finalize
                0x0000000010001b4c       0x78 zephyr/libzephyr.a(cfb.c.obj)
                0x0000000010001b4c                cfb_framebuffer_finalize
 .text.cfb_framebuffer_clear
                0x0000000010001bc4       0x30 zephyr/libzephyr.a(cfb.c.obj)
                0x0000000010001bc4                cfb_framebuffer_clear
 .text.cfb_get_display_parameter
                0x0000000010001bf4       0x40 zephyr/libzephyr.a(cfb.c.obj)
                0x0000000010001bf4                cfb_get_display_parameter
 .text.cfb_framebuffer_set_font
                0x0000000010001c34       0x18 zephyr/libzephyr.a(cfb.c.obj)
                0x0000000010001c34                cfb_framebuffer_set_font
 .text.cfb_get_font_size
                0x0000000010001c4c       0x40 zephyr/libzephyr.a(cfb.c.obj)
                0x0000000010001c4c                cfb_get_font_size
 .text.cfb_framebuffer_init
                0x0000000010001c8c       0xa0 zephyr/libzephyr.a(cfb.c.obj)
                0x0000000010001c8c                cfb_framebuffer_init
 .text.activate_foreach_backend
                0x0000000010001d2c       0x58 zephyr/libzephyr.a(log_core.c.obj)
 .text.enable_logger
                0x0000000010001d84       0x5c zephyr/libzephyr.a(log_core.c.obj)
 .text.log_process_thread_timer_expiry_fn
                0x0000000010001de0       0x10 zephyr/libzephyr.a(log_core.c.obj)
 .text.z_log_init
                0x0000000010001df0       0x90 zephyr/libzephyr.a(log_core.c.obj)
 .text.log_format_func_t_get
                0x0000000010001e80        0xc zephyr/libzephyr.a(log_core.c.obj)
                0x0000000010001e80                log_format_func_t_get
 .text.log_set_timestamp_func
                0x0000000010001e8c       0x20 zephyr/libzephyr.a(log_core.c.obj)
                0x0000000010001e8c                log_set_timestamp_func
 .text.z_log_notify_backend_enabled
                0x0000000010001eac       0x20 zephyr/libzephyr.a(log_core.c.obj)
                0x0000000010001eac                z_log_notify_backend_enabled
 .text.z_log_dropped
                0x0000000010001ecc       0x34 zephyr/libzephyr.a(log_core.c.obj)
                0x0000000010001ecc                z_log_dropped
 .text.z_log_dropped_read_and_clear
                0x0000000010001f00       0x10 zephyr/libzephyr.a(log_core.c.obj)
                0x0000000010001f00                z_log_dropped_read_and_clear
 .text.dropped_notify
                0x0000000010001f10       0x34 zephyr/libzephyr.a(log_core.c.obj)
                0x0000000010001f10                dropped_notify
 .text.z_log_msg_init
                0x0000000010001f44       0x20 zephyr/libzephyr.a(log_core.c.obj)
                0x0000000010001f44                z_log_msg_init
 .text.log_core_init
                0x0000000010001f64       0x50 zephyr/libzephyr.a(log_core.c.obj)
                0x0000000010001f64                log_core_init
 .text.z_log_msg_alloc
                0x0000000010001fb4       0x18 zephyr/libzephyr.a(log_core.c.obj)
                0x0000000010001fb4                z_log_msg_alloc
 .text.z_log_msg_local_claim
                0x0000000010001fcc       0x10 zephyr/libzephyr.a(log_core.c.obj)
                0x0000000010001fcc                z_log_msg_local_claim
 .text.z_log_msg_free
                0x0000000010001fdc       0x14 zephyr/libzephyr.a(log_core.c.obj)
                0x0000000010001fdc                z_log_msg_free
 .text.z_log_msg_pending
                0x0000000010001ff0       0x10 zephyr/libzephyr.a(log_core.c.obj)
                0x0000000010001ff0                z_log_msg_pending
 .text.z_impl_log_process
                0x0000000010002000       0x9c zephyr/libzephyr.a(log_core.c.obj)
                0x0000000010002000                z_impl_log_process
 .text.z_impl_log_panic
                0x000000001000209c       0x48 zephyr/libzephyr.a(log_core.c.obj)
                0x000000001000209c                z_impl_log_panic
 .text.log_process_thread_func
                0x00000000100020e4       0xa4 zephyr/libzephyr.a(log_core.c.obj)
 .text.z_log_msg_post_finalize
                0x0000000010002188       0x70 zephyr/libzephyr.a(log_core.c.obj)
 .text.z_log_msg_commit
                0x00000000100021f8       0x24 zephyr/libzephyr.a(log_core.c.obj)
                0x00000000100021f8                z_log_msg_commit
 .text.log_source_name_get
                0x000000001000221c       0x1c zephyr/libzephyr.a(log_mgmt.c.obj)
                0x000000001000221c                log_source_name_get
 .text.z_log_msg_simple_create
                0x0000000010002238       0x70 zephyr/libzephyr.a(log_msg.c.obj)
 .text.z_impl_z_log_msg_static_create
                0x00000000100022a8      0x130 zephyr/libzephyr.a(log_msg.c.obj)
                0x00000000100022a8                z_impl_z_log_msg_static_create
 .text.z_log_msg_runtime_vcreate
                0x00000000100023d8       0x9c zephyr/libzephyr.a(log_msg.c.obj)
                0x00000000100023d8                z_log_msg_runtime_vcreate
 .text.log_msg_get_source_id
                0x0000000010002474       0x1c zephyr/libzephyr.a(log_msg.c.obj)
                0x0000000010002474                log_msg_get_source_id
 .text.print_formatted
                0x0000000010002490       0x20 zephyr/libzephyr.a(log_output.c.obj)
 .text.newline_print
                0x00000000100024b0       0x20 zephyr/libzephyr.a(log_output.c.obj)
 .text.log_output_process
                0x00000000100024d0      0x2cc zephyr/libzephyr.a(log_output.c.obj)
                0x00000000100024d0                log_output_process
 .text.log_output_dropped_process
                0x000000001000279c       0x58 zephyr/libzephyr.a(log_output.c.obj)
                0x000000001000279c                log_output_dropped_process
 .text.log_output_timestamp_freq_set
                0x00000000100027f4       0x34 zephyr/libzephyr.a(log_output.c.obj)
                0x00000000100027f4                log_output_timestamp_freq_set
 .text.char_out
                0x0000000010002828       0x24 zephyr/libzephyr.a(log_backend_uart.c.obj)
 .text.z_arm_fatal_error
                0x000000001000284c       0xb8 zephyr/arch/arch/arm/core/libarch__arm__core.a(fatal.c.obj)
                0x000000001000284c                z_arm_fatal_error
 .text.z_SysNmiOnReset
                0x0000000010002904        0x4 zephyr/arch/arch/arm/core/libarch__arm__core.a(nmi_on_reset.S.obj)
                0x0000000010002904                z_SysNmiOnReset
 .text.arch_tls_stack_setup
                0x0000000010002908       0x38 zephyr/arch/arch/arm/core/libarch__arm__core.a(tls.c.obj)
                0x0000000010002908                arch_tls_stack_setup
 .text._HandlerModeExit
                0x0000000010002940       0x20 zephyr/arch/arch/arm/core/cortex_m/libarch__arm__core__cortex_m.a(exc_exit.c.obj)
                0x0000000010002940                z_arm_exc_exit
                0x0000000010002940                z_arm_int_exit
 .text.z_arm_fault
                0x0000000010002960      0x138 zephyr/arch/arch/arm/core/cortex_m/libarch__arm__core__cortex_m.a(fault.c.obj)
                0x0000000010002960                z_arm_fault
 .text.z_arm_fault_init
                0x0000000010002a98       0x10 zephyr/arch/arch/arm/core/cortex_m/libarch__arm__core__cortex_m.a(fault.c.obj)
                0x0000000010002a98                z_arm_fault_init
 .text.__fault  0x0000000010002aa8       0x14 zephyr/arch/arch/arm/core/cortex_m/libarch__arm__core__cortex_m.a(fault_s.S.obj)
                0x0000000010002aa8                z_arm_exc_spurious
                0x0000000010002aa8                z_arm_hard_fault
 .text._reset_section
                0x0000000010002abc       0x34 zephyr/arch/arch/arm/core/cortex_m/libarch__arm__core__cortex_m.a(reset.S.obj)
                0x0000000010002abc                z_arm_reset
                0x0000000010002abc                __start
 .text.z_impl_k_thread_abort
                0x0000000010002af0       0x38 zephyr/arch/arch/arm/core/cortex_m/libarch__arm__core__cortex_m.a(thread_abort.c.obj)
                0x0000000010002af0                z_impl_k_thread_abort
 .text.z_arm_pendsv
                0x0000000010002b28       0x70 zephyr/arch/arch/arm/core/cortex_m/libarch__arm__core__cortex_m.a(swap_helper.S.obj)
                0x0000000010002b28                z_arm_pendsv
 .text.z_arm_svc
                0x0000000010002b98       0x28 zephyr/arch/arch/arm/core/cortex_m/libarch__arm__core__cortex_m.a(swap_helper.S.obj)
                0x0000000010002b98                z_arm_svc
 .text.arm_irq_enable
                0x0000000010002bc0       0x18 zephyr/arch/arch/arm/core/cortex_m/libarch__arm__core__cortex_m.a(irq_manage.c.obj)
                0x0000000010002bc0                arm_irq_enable
 .text.arm_irq_priority_set
                0x0000000010002bd8       0x54 zephyr/arch/arch/arm/core/cortex_m/libarch__arm__core__cortex_m.a(irq_manage.c.obj)
                0x0000000010002bd8                arm_irq_priority_set
 .text.relocate_vector_table
                0x0000000010002c2c       0x1c zephyr/arch/arch/arm/core/cortex_m/libarch__arm__core__cortex_m.a(prep_c.c.obj)
                0x0000000010002c2c                relocate_vector_table
 .text.arch_new_thread
                0x0000000010002c48       0x2c zephyr/arch/arch/arm/core/cortex_m/libarch__arm__core__cortex_m.a(thread.c.obj)
                0x0000000010002c48                arch_new_thread
 .text.arch_switch_to_main_thread
                0x0000000010002c74       0x38 zephyr/arch/arch/arm/core/cortex_m/libarch__arm__core__cortex_m.a(thread.c.obj)
                0x0000000010002c74                arch_switch_to_main_thread
 .text.z_arm_cpu_idle_init
                0x0000000010002cac        0xc zephyr/arch/arch/arm/core/cortex_m/libarch__arm__core__cortex_m.a(cpu_idle.c.obj)
                0x0000000010002cac                z_arm_cpu_idle_init
 .text.z_arm_interrupt_init
                0x0000000010002cb8       0x30 zephyr/arch/arch/arm/core/cortex_m/libarch__arm__core__cortex_m.a(irq_init.c.obj)
                0x0000000010002cb8                z_arm_interrupt_init
 .text._isr_wrapper
                0x0000000010002ce8       0x20 zephyr/arch/arch/arm/core/cortex_m/libarch__arm__core__cortex_m.a(isr_wrapper.c.obj)
                0x0000000010002ce8                _isr_wrapper
 .text.cbvprintf
                0x0000000010002d08       0x38 zephyr/lib/libc/picolibc/liblib__libc__picolibc.a(cbprintf.c.obj)
                0x0000000010002d08                cbvprintf
 .text.z_impl_zephyr_fputc
                0x0000000010002d40       0x10 zephyr/lib/libc/picolibc/liblib__libc__picolibc.a(stdio.c.obj)
                0x0000000010002d40                z_impl_zephyr_fputc
 .text.__stdout_hook_install
                0x0000000010002d50       0x18 zephyr/lib/libc/picolibc/liblib__libc__picolibc.a(stdio.c.obj)
                0x0000000010002d50                __stdout_hook_install
 .text.abort    0x0000000010002d68       0x18 zephyr/lib/libc/common/liblib__libc__common.a(abort.c.obj)
                0x0000000010002d68                abort
 .text.malloc_prepare
                0x0000000010002d80       0x24 zephyr/lib/libc/common/liblib__libc__common.a(malloc.c.obj)
 .text.adc_rpi_init
                0x0000000010002da4       0xa0 zephyr/drivers/adc/libdrivers__adc.a(adc_rpi_pico.c.obj)
 .text.adc_context_start_sampling
                0x0000000010002e44       0x58 zephyr/drivers/adc/libdrivers__adc.a(adc_rpi_pico.c.obj)
 .text.adc_rpi_channel_setup
                0x0000000010002e9c       0x68 zephyr/drivers/adc/libdrivers__adc.a(adc_rpi_pico.c.obj)
 .text.adc_rpi_read
                0x0000000010002f04      0x12c zephyr/drivers/adc/libdrivers__adc.a(adc_rpi_pico.c.obj)
 .text.adc_rpi_isr
                0x0000000010003030       0xe4 zephyr/drivers/adc/libdrivers__adc.a(adc_rpi_pico.c.obj)
 .text.clock_control_rpi_pico_on
                0x0000000010003114       0x40 zephyr/drivers/clock_control/libdrivers__clock_control.a(clock_control_rpi_pico.c.obj)
 .text.clock_control_rpi_pico_off
                0x0000000010003154       0x40 zephyr/drivers/clock_control/libdrivers__clock_control.a(clock_control_rpi_pico.c.obj)
 .text.rpi_pico_rosc_write.constprop.0
                0x0000000010003194       0x30 zephyr/drivers/clock_control/libdrivers__clock_control.a(clock_control_rpi_pico.c.obj)
 .text.rpi_pico_get_clock_src.isra.0
                0x00000000100031c4       0x9c zephyr/drivers/clock_control/libdrivers__clock_control.a(clock_control_rpi_pico.c.obj)
 .text.rpi_pico_calc_clock_freq
                0x0000000010003260      0x104 zephyr/drivers/clock_control/libdrivers__clock_control.a(clock_control_rpi_pico.c.obj)
 .text.clock_control_rpi_pico_init
                0x0000000010003364      0x1c8 zephyr/drivers/clock_control/libdrivers__clock_control.a(clock_control_rpi_pico.c.obj)
 .text.uart_console_init
                0x000000001000352c       0x2c zephyr/drivers/console/libdrivers__console.a(uart_console.c.obj)
 .text.console_out
                0x0000000010003558       0x28 zephyr/drivers/console/libdrivers__console.a(uart_console.c.obj)
 .text.ssd1306_set_pixel_format.part.0
                0x0000000010003580       0x1c zephyr/drivers/display/libdrivers__display.a(ssd1306.c.obj)
 .text.gpio_pin_configure_dt.constprop.0
                0x000000001000359c       0x4c zephyr/drivers/display/libdrivers__display.a(ssd1306.c.obj)
 .text.ssd1306_write
                0x00000000100035e8      0x13c zephyr/drivers/display/libdrivers__display.a(ssd1306.c.obj)
 .text.ssd1306_suspend
                0x0000000010003724       0x38 zephyr/drivers/display/libdrivers__display.a(ssd1306.c.obj)
 .text.ssd1306_resume
                0x000000001000375c       0x38 zephyr/drivers/display/libdrivers__display.a(ssd1306.c.obj)
 .text.ssd1306_init
                0x0000000010003794      0x2a0 zephyr/drivers/display/libdrivers__display.a(ssd1306.c.obj)
 .text.gpio_rpi_get_pending_int
                0x0000000010003a34       0x30 zephyr/drivers/gpio/libdrivers__gpio.a(gpio_rpi_pico.c.obj)
 .text.gpio_rpi_isr
                0x0000000010003a64       0x7c zephyr/drivers/gpio/libdrivers__gpio.a(gpio_rpi_pico.c.obj)
 .text.gpio_rpi_configure
                0x0000000010003ae0       0xbc zephyr/drivers/gpio/libdrivers__gpio.a(gpio_rpi_pico.c.obj)
 .text.i2c_dw_runtime_configure
                0x0000000010003b9c       0xbc zephyr/drivers/i2c/libdrivers__i2c.a(i2c_dw.c.obj)
 .text.i2c_dw_initialize
                0x0000000010003c58       0xfc zephyr/drivers/i2c/libdrivers__i2c.a(i2c_dw.c.obj)
 .text.i2c_dw_error_chk
                0x0000000010003d54      0x120 zephyr/drivers/i2c/libdrivers__i2c.a(i2c_dw.c.obj)
 .text.i2c_dw_isr
                0x0000000010003e74      0x228 zephyr/drivers/i2c/libdrivers__i2c.a(i2c_dw.c.obj)
 .text.i2c_dw_transfer
                0x000000001000409c      0x234 zephyr/drivers/i2c/libdrivers__i2c.a(i2c_dw.c.obj)
 .text.reset_rpi_status
                0x00000000100042d0       0x18 zephyr/drivers/reset/libdrivers__reset.a(reset_rpi_pico.c.obj)
 .text.reset_rpi_line_assert
                0x00000000100042e8       0x10 zephyr/drivers/reset/libdrivers__reset.a(reset_rpi_pico.c.obj)
 .text.reset_rpi_line_deassert
                0x00000000100042f8       0x1c zephyr/drivers/reset/libdrivers__reset.a(reset_rpi_pico.c.obj)
 .text.reset_rpi_line_toggle
                0x0000000010004314       0x24 zephyr/drivers/reset/libdrivers__reset.a(reset_rpi_pico.c.obj)
 .text.pl011_irq_err_disable
                0x0000000010004338       0x14 zephyr/drivers/serial/libdrivers__serial.a(uart_pl011.c.obj)
 .text.pl011_runtime_configure_internal
                0x000000001000434c      0x16c zephyr/drivers/serial/libdrivers__serial.a(uart_pl011.c.obj)
 .text.pl011_init
                0x00000000100044b8      0x128 zephyr/drivers/serial/libdrivers__serial.a(uart_pl011.c.obj)
 .text.elapsed  0x00000000100045e0       0x54 zephyr/drivers/timer/libdrivers__timer.a(cortex_m_systick.c.obj)
 .text.sys_clock_driver_init
                0x0000000010004634       0x40 zephyr/drivers/timer/libdrivers__timer.a(cortex_m_systick.c.obj)
 .text.sys_clock_isr
                0x0000000010004674       0x58 zephyr/drivers/timer/libdrivers__timer.a(cortex_m_systick.c.obj)
                0x0000000010004674                sys_clock_isr
 .text.sys_clock_set_timeout
                0x00000000100046cc      0x118 zephyr/drivers/timer/libdrivers__timer.a(cortex_m_systick.c.obj)
                0x00000000100046cc                sys_clock_set_timeout
 .text.sys_clock_elapsed
                0x00000000100047e4       0x38 zephyr/drivers/timer/libdrivers__timer.a(cortex_m_systick.c.obj)
                0x00000000100047e4                sys_clock_elapsed
 .text.clock_configure_internal
                0x000000001000481c       0xbc modules/hal_rpi_pico/libmodules__hal_rpi_pico.a(clocks.c.obj)
 .text.pll_init
                0x00000000100048d8       0xcc modules/hal_rpi_pico/libmodules__hal_rpi_pico.a(pll.c.obj)
                0x00000000100048d8                pll_init
 .text.xosc_init
                0x00000000100049a4       0x28 modules/hal_rpi_pico/libmodules__hal_rpi_pico.a(xosc.c.obj)
                0x00000000100049a4                xosc_init
 .text.tick_start
                0x00000000100049cc       0x10 modules/hal_rpi_pico/libmodules__hal_rpi_pico.a(ticks.c.obj)
                0x00000000100049cc                tick_start
 .text.gpio_set_function
                0x00000000100049dc       0x30 modules/hal_rpi_pico/libmodules__hal_rpi_pico.a(gpio.c.obj)
                0x00000000100049dc                gpio_set_function
 .text.gpio_set_pulls
                0x0000000010004a0c       0x24 modules/hal_rpi_pico/libmodules__hal_rpi_pico.a(gpio.c.obj)
                0x0000000010004a0c                gpio_set_pulls
 .text.gpio_set_irqover
                0x0000000010004a30       0x24 modules/hal_rpi_pico/libmodules__hal_rpi_pico.a(gpio.c.obj)
                0x0000000010004a30                gpio_set_irqover
 .text.gpio_set_inover
                0x0000000010004a54       0x24 modules/hal_rpi_pico/libmodules__hal_rpi_pico.a(gpio.c.obj)
                0x0000000010004a54                gpio_set_inover
 .text.gpio_set_outover
                0x0000000010004a78       0x24 modules/hal_rpi_pico/libmodules__hal_rpi_pico.a(gpio.c.obj)
                0x0000000010004a78                gpio_set_outover
 .text.gpio_set_oeover
                0x0000000010004a9c       0x24 modules/hal_rpi_pico/libmodules__hal_rpi_pico.a(gpio.c.obj)
                0x0000000010004a9c                gpio_set_oeover
 .text.gpio_set_input_hysteresis_enabled
                0x0000000010004ac0       0x1c modules/hal_rpi_pico/libmodules__hal_rpi_pico.a(gpio.c.obj)
                0x0000000010004ac0                gpio_set_input_hysteresis_enabled
 .text.gpio_set_slew_rate
                0x0000000010004adc       0x20 modules/hal_rpi_pico/libmodules__hal_rpi_pico.a(gpio.c.obj)
                0x0000000010004adc                gpio_set_slew_rate
 .text.gpio_set_drive_strength
                0x0000000010004afc       0x20 modules/hal_rpi_pico/libmodules__hal_rpi_pico.a(gpio.c.obj)
                0x0000000010004afc                gpio_set_drive_strength
 .text.gpio_acknowledge_irq
                0x0000000010004b1c       0x18 modules/hal_rpi_pico/libmodules__hal_rpi_pico.a(gpio.c.obj)
                0x0000000010004b1c                gpio_acknowledge_irq
 .text.gpio_set_irq_enabled
                0x0000000010004b34       0x44 modules/hal_rpi_pico/libmodules__hal_rpi_pico.a(gpio.c.obj)
                0x0000000010004b34                gpio_set_irq_enabled
 .text.gpio_set_input_enabled
                0x0000000010004b78       0x1c modules/hal_rpi_pico/libmodules__hal_rpi_pico.a(gpio.c.obj)
                0x0000000010004b78                gpio_set_input_enabled
 .text.k_sys_fatal_error_handler
                0x0000000010004b94       0x20 zephyr/kernel/libkernel.a(fatal.c.obj)
                0x0000000010004b94                k_sys_fatal_error_handler
 .text.z_fatal_error
                0x0000000010004bb4       0xf4 zephyr/kernel/libkernel.a(fatal.c.obj)
                0x0000000010004bb4                z_fatal_error
 .text.z_sys_init_run_level
                0x0000000010004ca8       0x34 zephyr/kernel/libkernel.a(init.c.obj)
 .text.bg_thread_main
                0x0000000010004cdc       0xa8 zephyr/kernel/libkernel.a(init.c.obj)
 .text.z_bss_zero
                0x0000000010004d84       0x18 zephyr/kernel/libkernel.a(init.c.obj)
                0x0000000010004d84                z_bss_zero
 .text.z_init_cpu
                0x0000000010004d9c       0x68 zephyr/kernel/libkernel.a(init.c.obj)
                0x0000000010004d9c                z_init_cpu
 .text.z_cstart
                0x0000000010004e04       0xb4 zephyr/kernel/libkernel.a(init.c.obj)
                0x0000000010004e04                z_cstart
 .text.z_impl_k_sem_give
                0x0000000010004eb8       0x64 zephyr/kernel/libkernel.a(sem.c.obj)
                0x0000000010004eb8                z_impl_k_sem_give
 .text.z_impl_k_sem_take
                0x0000000010004f1c       0x4c zephyr/kernel/libkernel.a(sem.c.obj)
                0x0000000010004f1c                z_impl_k_sem_take
 .text.z_impl_k_sem_reset
                0x0000000010004f68       0x68 zephyr/kernel/libkernel.a(sem.c.obj)
                0x0000000010004f68                z_impl_k_sem_reset
 .text.z_setup_new_thread
                0x0000000010004fd0       0x74 zephyr/kernel/libkernel.a(thread.c.obj)
                0x0000000010004fd0                z_setup_new_thread
 .text.z_impl_k_thread_create
                0x0000000010005044       0x58 zephyr/kernel/libkernel.a(thread.c.obj)
                0x0000000010005044                z_impl_k_thread_create
 .text.z_dummy_thread_init
                0x000000001000509c       0x18 zephyr/kernel/libkernel.a(thread.c.obj)
                0x000000001000509c                z_dummy_thread_init
 .text.z_swap_irqlock
                0x00000000100050b4       0x2c zephyr/kernel/libkernel.a(sched.c.obj)
 .text.ready_thread
                0x00000000100050e0       0x8c zephyr/kernel/libkernel.a(sched.c.obj)
 .text.unready_thread
                0x000000001000516c       0x58 zephyr/kernel/libkernel.a(sched.c.obj)
 .text.add_thread_timeout
                0x00000000100051c4       0x18 zephyr/kernel/libkernel.a(sched.c.obj)
 .text.move_thread_to_end_of_prio_q
                0x00000000100051dc       0x98 zephyr/kernel/libkernel.a(sched.c.obj)
                0x00000000100051dc                move_thread_to_end_of_prio_q
 .text.z_pend_curr
                0x0000000010005274       0x38 zephyr/kernel/libkernel.a(sched.c.obj)
                0x0000000010005274                z_pend_curr
 .text.z_reschedule
                0x00000000100052ac       0x2c zephyr/kernel/libkernel.a(sched.c.obj)
                0x00000000100052ac                z_reschedule
 .text.z_reschedule_irqlock
                0x00000000100052d8       0x2c zephyr/kernel/libkernel.a(sched.c.obj)
                0x00000000100052d8                z_reschedule_irqlock
 .text.k_sched_lock
                0x0000000010005304       0x20 zephyr/kernel/libkernel.a(sched.c.obj)
                0x0000000010005304                k_sched_lock
 .text.k_sched_unlock
                0x0000000010005324       0x60 zephyr/kernel/libkernel.a(sched.c.obj)
                0x0000000010005324                k_sched_unlock
 .text.z_sched_init
                0x0000000010005384       0x14 zephyr/kernel/libkernel.a(sched.c.obj)
                0x0000000010005384                z_sched_init
 .text.z_impl_k_yield
                0x0000000010005398       0x84 zephyr/kernel/libkernel.a(sched.c.obj)
                0x0000000010005398                z_impl_k_yield
 .text.z_tick_sleep
                0x000000001000541c       0x74 zephyr/kernel/libkernel.a(sched.c.obj)
 .text.z_impl_k_sleep
                0x0000000010005490       0x4c zephyr/kernel/libkernel.a(sched.c.obj)
                0x0000000010005490                z_impl_k_sleep
 .text.z_impl_k_wakeup
                0x00000000100054dc       0x40 zephyr/kernel/libkernel.a(sched.c.obj)
                0x00000000100054dc                z_impl_k_wakeup
 .text.z_impl_k_sched_current_thread_query
                0x000000001000551c        0xc zephyr/kernel/libkernel.a(sched.c.obj)
                0x000000001000551c                z_impl_k_sched_current_thread_query
 .text.z_thread_abort
                0x0000000010005528      0x12c zephyr/kernel/libkernel.a(sched.c.obj)
                0x0000000010005528                z_thread_abort
 .text.slice_timeout
                0x0000000010005654       0x20 zephyr/kernel/libkernel.a(timeslicing.c.obj)
 .text.thread_is_sliceable
                0x0000000010005674       0x40 zephyr/kernel/libkernel.a(timeslicing.c.obj)
                0x0000000010005674                thread_is_sliceable
 .text.z_reset_time_slice
                0x00000000100056b4       0x4c zephyr/kernel/libkernel.a(timeslicing.c.obj)
                0x00000000100056b4                z_reset_time_slice
 .text.z_time_slice
                0x0000000010005700       0x58 zephyr/kernel/libkernel.a(timeslicing.c.obj)
                0x0000000010005700                z_time_slice
 .text.z_data_copy
                0x0000000010005758       0x34 zephyr/kernel/libkernel.a(xip.c.obj)
                0x0000000010005758                z_data_copy
 .text.first    0x000000001000578c       0x10 zephyr/kernel/libkernel.a(timeout.c.obj)
 .text.next_timeout
                0x000000001000579c       0x38 zephyr/kernel/libkernel.a(timeout.c.obj)
 .text.elapsed  0x00000000100057d4       0x18 zephyr/kernel/libkernel.a(timeout.c.obj)
 .text.remove_timeout
                0x00000000100057ec       0x38 zephyr/kernel/libkernel.a(timeout.c.obj)
 .text.z_add_timeout
                0x0000000010005824      0x120 zephyr/kernel/libkernel.a(timeout.c.obj)
                0x0000000010005824                z_add_timeout
 .text.sys_clock_announce
                0x0000000010005944       0xd4 zephyr/kernel/libkernel.a(timeout.c.obj)
                0x0000000010005944                sys_clock_announce
 .text.sys_clock_tick_get
                0x0000000010005a18       0x2c zephyr/kernel/libkernel.a(timeout.c.obj)
                0x0000000010005a18                sys_clock_tick_get
 .text.z_timer_expiration_handler
                0x0000000010005a44      0x110 zephyr/kernel/libkernel.a(timer.c.obj)
                0x0000000010005a44                z_timer_expiration_handler
 .text.z_impl_k_timer_start
                0x0000000010005b54       0x68 zephyr/kernel/libkernel.a(timer.c.obj)
                0x0000000010005b54                z_impl_k_timer_start
 .text.k_malloc
                0x0000000010005bbc       0x1c zephyr/kernel/libkernel.a(mempool.c.obj)
                0x0000000010005bbc                k_malloc
 .text.k_thread_system_pool_assign
                0x0000000010005bd8        0xc zephyr/kernel/libkernel.a(mempool.c.obj)
                0x0000000010005bd8                k_thread_system_pool_assign
 .text.boot_banner
                0x0000000010005be4       0x10 zephyr/kernel/libkernel.a(banner.c.obj)
                0x0000000010005be4                boot_banner
 .text.statics_init
                0x0000000010005bf4       0x24 zephyr/kernel/libkernel.a(kheap.c.obj)
 .text.snprintf
                0x0000000010005c18       0x54 /home/marcus/zephyr-sdk-0.17.2/arm-zephyr-eabi/bin/../lib/gcc/../../picolibc/arm-zephyr-eabi/lib/thumb/v6-m/nofp/libc.a(libc_tinystdio_snprintf.c.o)
                0x0000000010005c18                snprintf
 .text.skip_to_arg
                0x0000000010005c6c      0x164 /home/marcus/zephyr-sdk-0.17.2/arm-zephyr-eabi/bin/../lib/gcc/../../picolibc/arm-zephyr-eabi/lib/thumb/v6-m/nofp/libc.a(libc_tinystdio_vfprintf.c.o)
 .text.vfprintf
                0x0000000010005dd0      0xa0c /home/marcus/zephyr-sdk-0.17.2/arm-zephyr-eabi/bin/../lib/gcc/../../picolibc/arm-zephyr-eabi/lib/thumb/v6-m/nofp/libc.a(libc_tinystdio_vfprintf.c.o)
                0x0000000010005dd0                __d_vfprintf
 .text.div10    0x00000000100067dc       0x28 /home/marcus/zephyr-sdk-0.17.2/arm-zephyr-eabi/bin/../lib/gcc/../../picolibc/arm-zephyr-eabi/lib/thumb/v6-m/nofp/libc.a(libc_tinystdio_dtoa_ryu.c.o)
 .text.__dtoa_engine
                0x0000000010006804      0x4f0 /home/marcus/zephyr-sdk-0.17.2/arm-zephyr-eabi/bin/../lib/gcc/../../picolibc/arm-zephyr-eabi/lib/thumb/v6-m/nofp/libc.a(libc_tinystdio_dtoa_ryu.c.o)
                0x0000000010006804                __dtoa_engine
 .text.__log10Pow2
                0x0000000010006cf4        0xc /home/marcus/zephyr-sdk-0.17.2/arm-zephyr-eabi/bin/../lib/gcc/../../picolibc/arm-zephyr-eabi/lib/thumb/v6-m/nofp/libc.a(libc_tinystdio_ryu_log10.c.o)
                0x0000000010006cf4                __log10Pow2
 .text.__log10Pow5
                0x0000000010006d00        0xc /home/marcus/zephyr-sdk-0.17.2/arm-zephyr-eabi/bin/../lib/gcc/../../picolibc/arm-zephyr-eabi/lib/thumb/v6-m/nofp/libc.a(libc_tinystdio_ryu_log10.c.o)
                0x0000000010006d00                __log10Pow5
 .text.__pow5bits
                0x0000000010006d0c       0x10 /home/marcus/zephyr-sdk-0.17.2/arm-zephyr-eabi/bin/../lib/gcc/../../picolibc/arm-zephyr-eabi/lib/thumb/v6-m/nofp/libc.a(libc_tinystdio_ryu_pow5bits.c.o)
                0x0000000010006d0c                __pow5bits
 .text.__pow5Factor
                0x0000000010006d1c       0x2c /home/marcus/zephyr-sdk-0.17.2/arm-zephyr-eabi/bin/../lib/gcc/../../picolibc/arm-zephyr-eabi/lib/thumb/v6-m/nofp/libc.a(libc_tinystdio_ryu_table.c.o)
                0x0000000010006d1c                __pow5Factor
 .text.__double_computePow5
                0x0000000010006d48       0xf8 /home/marcus/zephyr-sdk-0.17.2/arm-zephyr-eabi/bin/../lib/gcc/../../picolibc/arm-zephyr-eabi/lib/thumb/v6-m/nofp/libc.a(libc_tinystdio_ryu_table.c.o)
                0x0000000010006d48                __double_computePow5
 .text.__double_computeInvPow5
                0x0000000010006e40      0x100 /home/marcus/zephyr-sdk-0.17.2/arm-zephyr-eabi/bin/../lib/gcc/../../picolibc/arm-zephyr-eabi/lib/thumb/v6-m/nofp/libc.a(libc_tinystdio_ryu_table.c.o)
                0x0000000010006e40                __double_computeInvPow5
 .text.__dtox_engine
                0x0000000010006f40      0x13c /home/marcus/zephyr-sdk-0.17.2/arm-zephyr-eabi/bin/../lib/gcc/../../picolibc/arm-zephyr-eabi/lib/thumb/v6-m/nofp/libc.a(libc_tinystdio_dtox_engine.c.o)
                0x0000000010006f40                __dtox_engine
 .text._OffsetAbsSyms
                0x000000001000707c        0x2 zephyr/CMakeFiles/offsets.dir/./arch/arm/core/offsets/offsets.c.obj
                0x000000001000707c                _OffsetAbsSyms
 .text.font_adjustment
                0x000000001000707e       0x4a app/libapp.a(display_manager.c.obj)
                0x000000001000707e                font_adjustment
 .text.display_manager_print
                0x00000000100070c8       0x32 app/libapp.a(display_manager.c.obj)
                0x00000000100070c8                display_manager_print
 .text.chunk_field
                0x00000000100070fa       0x1a zephyr/libzephyr.a(heap.c.obj)
 .text.chunk_set
                0x0000000010007114       0x1c zephyr/libzephyr.a(heap.c.obj)
 .text.chunk_size
                0x0000000010007130        0xc zephyr/libzephyr.a(heap.c.obj)
 .text.set_chunk_used
                0x000000001000713c       0x36 zephyr/libzephyr.a(heap.c.obj)
 .text.set_chunk_size
                0x0000000010007172        0xc zephyr/libzephyr.a(heap.c.obj)
 .text.bucket_idx.isra.0
                0x000000001000717e       0x20 zephyr/libzephyr.a(heap.c.obj)
 .text.free_list_remove_bidx
                0x000000001000719e       0x58 zephyr/libzephyr.a(heap.c.obj)
 .text.alloc_chunk
                0x00000000100071f6       0x7c zephyr/libzephyr.a(heap.c.obj)
 .text.split_chunks
                0x0000000010007272       0x4a zephyr/libzephyr.a(heap.c.obj)
 .text.free_list_add
                0x00000000100072bc       0x88 zephyr/libzephyr.a(heap.c.obj)
 .text.sys_heap_alloc
                0x0000000010007344       0x7a zephyr/libzephyr.a(heap.c.obj)
                0x0000000010007344                sys_heap_alloc
 .text.sys_heap_noalign_alloc
                0x00000000100073be        0xa zephyr/libzephyr.a(heap.c.obj)
                0x00000000100073be                sys_heap_noalign_alloc
 .text.sys_heap_init
                0x00000000100073c8       0xac zephyr/libzephyr.a(heap.c.obj)
                0x00000000100073c8                sys_heap_init
 .text.cbpprintf_external
                0x0000000010007474       0x68 zephyr/libzephyr.a(cbprintf_packaged.c.obj)
                0x0000000010007474                cbpprintf_external
 .text.is_ptr   0x00000000100074dc       0x4a zephyr/libzephyr.a(cbprintf_packaged.c.obj)
                0x00000000100074dc                is_ptr
 .text.arch_printk_char_out
                0x0000000010007526        0x4 zephyr/libzephyr.a(printk.c.obj)
                0x0000000010007526                arch_printk_char_out
 .text.printk   0x000000001000752a       0x16 zephyr/libzephyr.a(printk.c.obj)
                0x000000001000752a                printk
 .text.free_space
                0x0000000010007540       0x2c zephyr/libzephyr.a(mpsc_pbuf.c.obj)
 .text.get_usage
                0x000000001000756c       0x22 zephyr/libzephyr.a(mpsc_pbuf.c.obj)
 .text.idx_inc  0x000000001000758e       0x1c zephyr/libzephyr.a(mpsc_pbuf.c.obj)
 .text.rd_idx_inc
                0x00000000100075aa       0x18 zephyr/libzephyr.a(mpsc_pbuf.c.obj)
 .text.add_skip_item
                0x00000000100075c2       0x3a zephyr/libzephyr.a(mpsc_pbuf.c.obj)
 .text.drop_item_locked
                0x00000000100075fc       0xf0 zephyr/libzephyr.a(mpsc_pbuf.c.obj)
 .text.post_drop_action
                0x00000000100076ec       0x38 zephyr/libzephyr.a(mpsc_pbuf.c.obj)
 .text.max_utilization_update
                0x0000000010007724       0x1a zephyr/libzephyr.a(mpsc_pbuf.c.obj)
 .text.mpsc_pbuf_init
                0x000000001000773e       0x42 zephyr/libzephyr.a(mpsc_pbuf.c.obj)
                0x000000001000773e                mpsc_pbuf_init
 .text.mpsc_pbuf_alloc
                0x0000000010007780       0xfc zephyr/libzephyr.a(mpsc_pbuf.c.obj)
                0x0000000010007780                mpsc_pbuf_alloc
 .text.mpsc_pbuf_commit
                0x000000001000787c       0x38 zephyr/libzephyr.a(mpsc_pbuf.c.obj)
                0x000000001000787c                mpsc_pbuf_commit
 .text.mpsc_pbuf_claim
                0x00000000100078b4       0xa2 zephyr/libzephyr.a(mpsc_pbuf.c.obj)
                0x00000000100078b4                mpsc_pbuf_claim
 .text.mpsc_pbuf_free
                0x0000000010007956       0x72 zephyr/libzephyr.a(mpsc_pbuf.c.obj)
                0x0000000010007956                mpsc_pbuf_free
 .text.mpsc_pbuf_is_pending
                0x00000000100079c8       0x2e zephyr/libzephyr.a(mpsc_pbuf.c.obj)
                0x00000000100079c8                mpsc_pbuf_is_pending
 .text._ConfigAbsSyms
                0x00000000100079f6        0x2 zephyr/libzephyr.a(configs.c.obj)
                0x00000000100079f6                _ConfigAbsSyms
 .text.byte_reverse
                0x00000000100079f8       0x26 zephyr/libzephyr.a(cfb.c.obj)
 .text.get_glyph_byte
                0x0000000010007a1e       0x38 zephyr/libzephyr.a(cfb.c.obj)
 .text.cfb_print
                0x0000000010007a56       0x12 zephyr/libzephyr.a(cfb.c.obj)
                0x0000000010007a56                cfb_print
 .text.log_msg_generic_get_wlen
                0x0000000010007a68       0x22 zephyr/libzephyr.a(log_core.c.obj)
 .text.dummy_timestamp
                0x0000000010007a8a        0x4 zephyr/libzephyr.a(log_core.c.obj)
 .text.atomic_inc
                0x0000000010007a8e        0xa zephyr/libzephyr.a(log_core.c.obj)
 .text.default_lf_get_timestamp
                0x0000000010007a98       0x10 zephyr/libzephyr.a(log_core.c.obj)
 .text.z_log_vprintk
                0x0000000010007aa8       0x1a zephyr/libzephyr.a(log_core.c.obj)
                0x0000000010007aa8                z_log_vprintk
 .text.z_log_notify_drop
                0x0000000010007ac2        0xa zephyr/libzephyr.a(log_core.c.obj)
 .text.z_log_get_tag
                0x0000000010007acc        0x4 zephyr/libzephyr.a(log_core.c.obj)
                0x0000000010007acc                z_log_get_tag
 .text.log_backend_enable
                0x0000000010007ad0       0x16 zephyr/libzephyr.a(log_mgmt.c.obj)
                0x0000000010007ad0                log_backend_enable
 .text.z_cbprintf_cpy
                0x0000000010007ae6       0x32 zephyr/libzephyr.a(log_msg.c.obj)
 .text.z_log_msg_finalize
                0x0000000010007b18       0x32 zephyr/libzephyr.a(log_msg.c.obj)
                0x0000000010007b18                z_log_msg_finalize
 .text.z_impl_z_log_msg_simple_create_0
                0x0000000010007b4a        0xe zephyr/libzephyr.a(log_msg.c.obj)
                0x0000000010007b4a                z_impl_z_log_msg_simple_create_0
 .text.z_impl_z_log_msg_simple_create_1
                0x0000000010007b58       0x10 zephyr/libzephyr.a(log_msg.c.obj)
                0x0000000010007b58                z_impl_z_log_msg_simple_create_1
 .text.log_output_write
                0x0000000010007b68       0x1e zephyr/libzephyr.a(log_output.c.obj)
 .text.log_output_flush
                0x0000000010007b86       0x18 zephyr/libzephyr.a(log_output.c.obj)
 .text.out_func
                0x0000000010007b9e       0x26 zephyr/libzephyr.a(log_output.c.obj)
 .text.cr_out_func
                0x0000000010007bc4       0x1c zephyr/libzephyr.a(log_output.c.obj)
 .text.log_output_msg_process
                0x0000000010007be0       0x62 zephyr/libzephyr.a(log_output.c.obj)
                0x0000000010007be0                log_output_msg_process
 .text.format_set
                0x0000000010007c42        0xc zephyr/libzephyr.a(log_backend_uart.c.obj)
 .text.log_backend_uart_init
                0x0000000010007c4e        0xc zephyr/libzephyr.a(log_backend_uart.c.obj)
 .text.panic    0x0000000010007c5a       0x32 zephyr/libzephyr.a(log_backend_uart.c.obj)
 .text.dropped  0x0000000010007c8c        0xe zephyr/libzephyr.a(log_backend_uart.c.obj)
 .text.process  0x0000000010007c9a       0x1c zephyr/libzephyr.a(log_backend_uart.c.obj)
 .text.z_do_kernel_oops
                0x0000000010007cb6        0xc zephyr/arch/arch/arm/core/libarch__arm__core.a(fatal.c.obj)
                0x0000000010007cb6                z_do_kernel_oops
 .text.z_arm_nmi
                0x0000000010007cc2        0xc zephyr/arch/arch/arm/core/libarch__arm__core.a(nmi.c.obj)
                0x0000000010007cc2                z_arm_nmi
 .text.z_irq_spurious
                0x0000000010007cce        0xc zephyr/arch/arch/arm/core/cortex_m/libarch__arm__core__cortex_m.a(irq_manage.c.obj)
                0x0000000010007cce                z_irq_spurious
 .text.z_prep_c
                0x0000000010007cda       0x16 zephyr/arch/arch/arm/core/cortex_m/libarch__arm__core__cortex_m.a(prep_c.c.obj)
                0x0000000010007cda                z_prep_c
 .text.arch_coprocessors_disable
                0x0000000010007cf0        0x6 zephyr/arch/arch/arm/core/cortex_m/libarch__arm__core__cortex_m.a(thread.c.obj)
                0x0000000010007cf0                arch_coprocessors_disable
 .text.arch_irq_unlock_outlined
                0x0000000010007cf6        0xc zephyr/arch/arch/arm/core/cortex_m/libarch__arm__core__cortex_m.a(thread.c.obj)
                0x0000000010007cf6                arch_irq_unlock_outlined
 .text.arch_cpu_idle
                0x0000000010007d02        0xe zephyr/arch/arch/arm/core/cortex_m/libarch__arm__core__cortex_m.a(cpu_idle.c.obj)
                0x0000000010007d02                arch_cpu_idle
 .text.__assert_no_args
                0x0000000010007d10        0x6 zephyr/lib/libc/picolibc/liblib__libc__picolibc.a(assert.c.obj)
                0x0000000010007d10                __assert_no_args
 .text.cbputc   0x0000000010007d16        0xc zephyr/lib/libc/picolibc/liblib__libc__picolibc.a(cbprintf.c.obj)
 .text.picolibc_put
                0x0000000010007d22        0xa zephyr/lib/libc/picolibc/liblib__libc__picolibc.a(stdio.c.obj)
 .text.adc_rpi_configure_func_0
                0x0000000010007d2c       0x14 zephyr/drivers/adc/libdrivers__adc.a(adc_rpi_pico.c.obj)
 .text.adc_context_on_timer_expired
                0x0000000010007d40       0x22 zephyr/drivers/adc/libdrivers__adc.a(adc_rpi_pico.c.obj)
 .text.rpi_pico_is_clock_enabled.isra.0
                0x0000000010007d62       0x5e zephyr/drivers/clock_control/libdrivers__clock_control.a(clock_control_rpi_pico.c.obj)
 .text.clock_control_rpi_pico_get_status
                0x0000000010007dc0       0x18 zephyr/drivers/clock_control/libdrivers__clock_control.a(clock_control_rpi_pico.c.obj)
 .text.clock_control_rpi_pico_get_rate
                0x0000000010007dd8       0x1e zephyr/drivers/clock_control/libdrivers__clock_control.a(clock_control_rpi_pico.c.obj)
 .text.rpi_pico_clkid_tuple_reorder_by_dependencies
                0x0000000010007df6       0x66 zephyr/drivers/clock_control/libdrivers__clock_control.a(clock_control_rpi_pico.c.obj)
                0x0000000010007df6                rpi_pico_clkid_tuple_reorder_by_dependencies
 .text.ssd1306_bus_name_i2c
                0x0000000010007e5c        0x8 zephyr/drivers/display/libdrivers__display.a(ssd1306.c.obj)
 .text.ssd1306_write_bus
                0x0000000010007e64        0xa zephyr/drivers/display/libdrivers__display.a(ssd1306.c.obj)
 .text.ssd1306_set_contrast
                0x0000000010007e6e       0x16 zephyr/drivers/display/libdrivers__display.a(ssd1306.c.obj)
 .text.ssd1306_get_capabilities
                0x0000000010007e84       0x1e zephyr/drivers/display/libdrivers__display.a(ssd1306.c.obj)
 .text.z_log_msg_simple_create_0
                0x0000000010007ea2        0x8 zephyr/drivers/display/libdrivers__display.a(ssd1306.c.obj)
 .text.ssd1306_set_pixel_format
                0x0000000010007eaa       0x3a zephyr/drivers/display/libdrivers__display.a(ssd1306.c.obj)
 .text.ssd1306_write_bus_i2c
                0x0000000010007ee4       0x3c zephyr/drivers/display/libdrivers__display.a(ssd1306.c.obj)
 .text.ssd1306_bus_ready_i2c
                0x0000000010007f20        0xc zephyr/drivers/display/libdrivers__display.a(ssd1306.c.obj)
 .text.gpio_pin_set_dt.isra.0
                0x0000000010007f2c       0x2e zephyr/drivers/display/libdrivers__display.a(ssd1306.c.obj)
 .text.k_sleep.isra.0
                0x0000000010007f5a        0x8 zephyr/drivers/display/libdrivers__display.a(ssd1306.c.obj)
 .text.gpio_rpi_port_get_raw
                0x0000000010007f62        0xc zephyr/drivers/gpio/libdrivers__gpio.a(gpio_rpi_pico.c.obj)
 .text.gpio_rpi_port_set_bits_raw
                0x0000000010007f6e       0x2c zephyr/drivers/gpio/libdrivers__gpio.a(gpio_rpi_pico.c.obj)
 .text.gpio_rpi_port_clear_bits_raw
                0x0000000010007f9a       0x2c zephyr/drivers/gpio/libdrivers__gpio.a(gpio_rpi_pico.c.obj)
 .text.gpio_rpi_port_toggle_bits
                0x0000000010007fc6       0x18 zephyr/drivers/gpio/libdrivers__gpio.a(gpio_rpi_pico.c.obj)
 .text.gpio_rpi_manage_callback
                0x0000000010007fde       0x58 zephyr/drivers/gpio/libdrivers__gpio.a(gpio_rpi_pico.c.obj)
 .text.gpio_rpi_bank_init
                0x0000000010008036       0x10 zephyr/drivers/gpio/libdrivers__gpio.a(gpio_rpi_pico.c.obj)
 .text.gpio_rpi_pin_interrupt_configure
                0x0000000010008046       0x46 zephyr/drivers/gpio/libdrivers__gpio.a(gpio_rpi_pico.c.obj)
 .text.bank_0_config_func
                0x000000001000808c       0x14 zephyr/drivers/gpio/libdrivers__gpio.a(gpio_rpi_pico.c.obj)
 .text.gpio_rpi_port_set_masked_raw
                0x00000000100080a0       0x3c zephyr/drivers/gpio/libdrivers__gpio.a(gpio_rpi_pico.c.obj)
 .text.i2c_config_0
                0x00000000100080dc       0x14 zephyr/drivers/i2c/libdrivers__i2c.a(i2c_dw.c.obj)
 .text.i2c_recovery_bus.isra.0
                0x00000000100080f0       0x1a zephyr/drivers/i2c/libdrivers__i2c.a(i2c_dw.c.obj)
 .text.i2c_dw_recovery_bus
                0x000000001000810a       0x2a zephyr/drivers/i2c/libdrivers__i2c.a(i2c_dw.c.obj)
                0x000000001000810a                i2c_dw_recovery_bus
 .text.i2c_dw_is_busy
                0x0000000010008134       0x1c zephyr/drivers/i2c/libdrivers__i2c.a(i2c_dw.c.obj)
                0x0000000010008134                i2c_dw_is_busy
 .text.pinctrl_lookup_state
                0x0000000010008150       0x26 zephyr/drivers/pinctrl/libdrivers__pinctrl.a(common.c.obj)
                0x0000000010008150                pinctrl_lookup_state
 .text.pinctrl_configure_pins
                0x0000000010008176       0xc6 zephyr/drivers/pinctrl/libdrivers__pinctrl.a(pinctrl_rpi_pico.c.obj)
                0x0000000010008176                pinctrl_configure_pins
 .text.pl011_poll_in
                0x000000001000823c       0x34 zephyr/drivers/serial/libdrivers__serial.a(uart_pl011.c.obj)
 .text.pl011_poll_out
                0x0000000010008270       0x10 zephyr/drivers/serial/libdrivers__serial.a(uart_pl011.c.obj)
 .text.pl011_err_check
                0x0000000010008280       0x2a zephyr/drivers/serial/libdrivers__serial.a(uart_pl011.c.obj)
 .text.pl011_runtime_config_get
                0x00000000100082aa        0xc zephyr/drivers/serial/libdrivers__serial.a(uart_pl011.c.obj)
 .text.pl011_fifo_fill
                0x00000000100082b6       0x22 zephyr/drivers/serial/libdrivers__serial.a(uart_pl011.c.obj)
 .text.pl011_fifo_read
                0x00000000100082d8       0x22 zephyr/drivers/serial/libdrivers__serial.a(uart_pl011.c.obj)
 .text.pl011_irq_tx_enable
                0x00000000100082fa       0x48 zephyr/drivers/serial/libdrivers__serial.a(uart_pl011.c.obj)
 .text.pl011_irq_tx_disable
                0x0000000010008342       0x14 zephyr/drivers/serial/libdrivers__serial.a(uart_pl011.c.obj)
 .text.pl011_irq_tx_complete
                0x0000000010008356        0xe zephyr/drivers/serial/libdrivers__serial.a(uart_pl011.c.obj)
 .text.pl011_irq_tx_ready
                0x0000000010008364       0x34 zephyr/drivers/serial/libdrivers__serial.a(uart_pl011.c.obj)
 .text.pl011_irq_rx_enable
                0x0000000010008398        0xe zephyr/drivers/serial/libdrivers__serial.a(uart_pl011.c.obj)
 .text.pl011_irq_rx_disable
                0x00000000100083a6        0xe zephyr/drivers/serial/libdrivers__serial.a(uart_pl011.c.obj)
 .text.pl011_irq_rx_ready
                0x00000000100083b4       0x2c zephyr/drivers/serial/libdrivers__serial.a(uart_pl011.c.obj)
 .text.pl011_irq_err_enable
                0x00000000100083e0       0x10 zephyr/drivers/serial/libdrivers__serial.a(uart_pl011.c.obj)
 .text.pl011_irq_is_pending
                0x00000000100083f0       0x1c zephyr/drivers/serial/libdrivers__serial.a(uart_pl011.c.obj)
 .text.pl011_irq_update
                0x000000001000840c        0x4 zephyr/drivers/serial/libdrivers__serial.a(uart_pl011.c.obj)
 .text.pl011_irq_callback_set
                0x0000000010008410        0x8 zephyr/drivers/serial/libdrivers__serial.a(uart_pl011.c.obj)
 .text.pl011_isr
                0x0000000010008418       0x22 zephyr/drivers/serial/libdrivers__serial.a(uart_pl011.c.obj)
                0x0000000010008418                pl011_isr
 .text.pwr_on_raspberrypi_pico_uart_0
                0x000000001000843a        0x4 zephyr/drivers/serial/libdrivers__serial.a(uart_pl011.c.obj)
 .text.clk_enable_raspberrypi_pico_uart_0
                0x000000001000843e        0x4 zephyr/drivers/serial/libdrivers__serial.a(uart_pl011.c.obj)
 .text.pl011_irq_config_func_0
                0x0000000010008442       0x14 zephyr/drivers/serial/libdrivers__serial.a(uart_pl011.c.obj)
 .text.pl011_runtime_configure
                0x0000000010008456        0xa zephyr/drivers/serial/libdrivers__serial.a(uart_pl011.c.obj)
 .text.clock_configure
                0x0000000010008460       0x46 modules/hal_rpi_pico/libmodules__hal_rpi_pico.a(clocks.c.obj)
                0x0000000010008460                clock_configure
 .text.gpio_init
                0x00000000100084a6       0x16 modules/hal_rpi_pico/libmodules__hal_rpi_pico.a(gpio.c.obj)
                0x00000000100084a6                gpio_init
 .text.z_device_state_init
                0x00000000100084bc        0x2 zephyr/kernel/libkernel.a(device.c.obj)
                0x00000000100084bc                z_device_state_init
 .text.z_impl_device_is_ready
                0x00000000100084be       0x1a zephyr/kernel/libkernel.a(device.c.obj)
                0x00000000100084be                z_impl_device_is_ready
 .text.arch_system_halt
                0x00000000100084d8        0x8 zephyr/kernel/libkernel.a(fatal.c.obj)
                0x00000000100084d8                arch_system_halt
 .text.do_device_init
                0x00000000100084e0       0x30 zephyr/kernel/libkernel.a(init.c.obj)
 .text.z_early_memset
                0x0000000010008510        0x8 zephyr/kernel/libkernel.a(init.c.obj)
                0x0000000010008510                z_early_memset
 .text.z_early_memcpy
                0x0000000010008518        0x8 zephyr/kernel/libkernel.a(init.c.obj)
                0x0000000010008518                z_early_memcpy
 .text.idle     0x0000000010008520        0xe zephyr/kernel/libkernel.a(idle.c.obj)
                0x0000000010008520                idle
 .text.z_impl_k_sem_init
                0x000000001000852e       0x1a zephyr/kernel/libkernel.a(sem.c.obj)
                0x000000001000852e                z_impl_k_sem_init
 .text.k_is_in_isr
                0x0000000010008548        0xc zephyr/kernel/libkernel.a(thread.c.obj)
                0x0000000010008548                k_is_in_isr
 .text.z_impl_k_thread_name_set
                0x0000000010008554        0x6 zephyr/kernel/libkernel.a(thread.c.obj)
                0x0000000010008554                z_impl_k_thread_name_set
 .text.k_thread_name_get
                0x000000001000855a        0x4 zephyr/kernel/libkernel.a(thread.c.obj)
                0x000000001000855a                k_thread_name_get
 .text.sys_dlist_remove
                0x000000001000855e       0x10 zephyr/kernel/libkernel.a(sched.c.obj)
 .text.unpend_thread_no_timeout
                0x000000001000856e       0x16 zephyr/kernel/libkernel.a(sched.c.obj)
 .text.add_to_waitq_locked
                0x0000000010008584       0x52 zephyr/kernel/libkernel.a(sched.c.obj)
 .text.z_ready_thread
                0x00000000100085d6       0x18 zephyr/kernel/libkernel.a(sched.c.obj)
                0x00000000100085d6                z_ready_thread
 .text.z_unpend_thread_no_timeout
                0x00000000100085ee       0x1e zephyr/kernel/libkernel.a(sched.c.obj)
                0x00000000100085ee                z_unpend_thread_no_timeout
 .text.z_sched_wake_thread
                0x000000001000860c       0x36 zephyr/kernel/libkernel.a(sched.c.obj)
                0x000000001000860c                z_sched_wake_thread
 .text.z_thread_timeout
                0x0000000010008642        0xc zephyr/kernel/libkernel.a(sched.c.obj)
                0x0000000010008642                z_thread_timeout
 .text.z_unpend1_no_timeout
                0x000000001000864e       0x2a zephyr/kernel/libkernel.a(sched.c.obj)
                0x000000001000864e                z_unpend1_no_timeout
 .text.z_abort_timeout
                0x0000000010008678       0x4c zephyr/kernel/libkernel.a(timeout.c.obj)
                0x0000000010008678                z_abort_timeout
 .text.sys_clock_tick_get_32
                0x00000000100086c4        0x8 zephyr/kernel/libkernel.a(timeout.c.obj)
                0x00000000100086c4                sys_clock_tick_get_32
 .text.z_impl_k_uptime_ticks
                0x00000000100086cc        0x8 zephyr/kernel/libkernel.a(timeout.c.obj)
                0x00000000100086cc                z_impl_k_uptime_ticks
 .text.k_timer_init
                0x00000000100086d4       0x18 zephyr/kernel/libkernel.a(timer.c.obj)
                0x00000000100086d4                k_timer_init
 .text.z_impl_k_timer_stop
                0x00000000100086ec       0x32 zephyr/kernel/libkernel.a(timer.c.obj)
                0x00000000100086ec                z_impl_k_timer_stop
 .text.z_impl_atomic_add
                0x000000001000871e       0x1a zephyr/kernel/libkernel.a(atomic_c.c.obj)
                0x000000001000871e                z_impl_atomic_add
 .text.z_impl_atomic_sub
                0x0000000010008738       0x1a zephyr/kernel/libkernel.a(atomic_c.c.obj)
                0x0000000010008738                z_impl_atomic_sub
 .text.z_impl_atomic_set
                0x0000000010008752       0x18 zephyr/kernel/libkernel.a(atomic_c.c.obj)
                0x0000000010008752                z_impl_atomic_set
 .text.z_alloc_helper
                0x000000001000876a       0x32 zephyr/kernel/libkernel.a(mempool.c.obj)
 .text.k_heap_init
                0x000000001000879c       0x10 zephyr/kernel/libkernel.a(kheap.c.obj)
                0x000000001000879c                k_heap_init
 .text.memcpy   0x00000000100087ac       0x12 /home/marcus/zephyr-sdk-0.17.2/arm-zephyr-eabi/bin/../lib/gcc/../../picolibc/arm-zephyr-eabi/lib/thumb/v6-m/nofp/libc.a(memcpy.c.o)
                0x00000000100087ac                memcpy
                0x00000000100087ac                __aeabi_memcpy
                0x00000000100087ac                __aeabi_memcpy4
                0x00000000100087ac                __aeabi_memcpy8
 .text.memset   0x00000000100087be       0x10 /home/marcus/zephyr-sdk-0.17.2/arm-zephyr-eabi/bin/../lib/gcc/../../picolibc/arm-zephyr-eabi/lib/thumb/v6-m/nofp/libc.a(memset.c.o)
                0x00000000100087be                memset
 .text.strnlen  0x00000000100087ce       0x16 /home/marcus/zephyr-sdk-0.17.2/arm-zephyr-eabi/bin/../lib/gcc/../../picolibc/arm-zephyr-eabi/lib/thumb/v6-m/nofp/libc.a(libc_string_strnlen.c.o)
                0x00000000100087ce                strnlen
 .text.__ultoa_invert
                0x00000000100087e4       0x50 /home/marcus/zephyr-sdk-0.17.2/arm-zephyr-eabi/bin/../lib/gcc/../../picolibc/arm-zephyr-eabi/lib/thumb/v6-m/nofp/libc.a(libc_tinystdio_vfprintf.c.o)
 .text.mulShiftAll64
                0x0000000010008834      0x1e6 /home/marcus/zephyr-sdk-0.17.2/arm-zephyr-eabi/bin/../lib/gcc/../../picolibc/arm-zephyr-eabi/lib/thumb/v6-m/nofp/libc.a(libc_tinystdio_dtoa_ryu.c.o)
 .text.__umul128
                0x0000000010008a1a       0x70 /home/marcus/zephyr-sdk-0.17.2/arm-zephyr-eabi/bin/../lib/gcc/../../picolibc/arm-zephyr-eabi/lib/thumb/v6-m/nofp/libc.a(libc_tinystdio_ryu_umul128.c.o)
                0x0000000010008a1a                __umul128
 .text.__shiftright128
                0x0000000010008a8a       0x28 /home/marcus/zephyr-sdk-0.17.2/arm-zephyr-eabi/bin/../lib/gcc/../../picolibc/arm-zephyr-eabi/lib/thumb/v6-m/nofp/libc.a(libc_tinystdio_ryu_umul128.c.o)
                0x0000000010008a8a                __shiftright128
 .text.__file_str_put
                0x0000000010008ab2       0x10 /home/marcus/zephyr-sdk-0.17.2/arm-zephyr-eabi/bin/../lib/gcc/../../picolibc/arm-zephyr-eabi/lib/thumb/v6-m/nofp/libc.a(libc_tinystdio_filestrput.c.o)
                0x0000000010008ab2                __file_str_put
 *(SORT_BY_ALIGNMENT(.TEXT.*))
 *fill*         0x0000000010008ac2        0x2 
 .TEXT.__aeabi_read_tp
                0x0000000010008ac4        0xc zephyr/arch/arch/arm/core/cortex_m/libarch__arm__core__cortex_m.a(__aeabi_read_tp.S.obj)
                0x0000000010008ac4                __aeabi_read_tp
 *(SORT_BY_ALIGNMENT(.gnu.linkonce.t.*))
 *(SORT_BY_ALIGNMENT(.glue_7t))
 .glue_7t       0x0000000010008ad0        0x0 linker stubs
 *(SORT_BY_ALIGNMENT(.glue_7))
 .glue_7        0x0000000010008ad0        0x0 linker stubs
 *(SORT_BY_ALIGNMENT(.vfp11_veneer))
 .vfp11_veneer  0x0000000010008ad0        0x0 linker stubs
 *(SORT_BY_ALIGNMENT(.v4_bx))
 .v4_bx         0x0000000010008ad0        0x0 linker stubs
                0x0000000010008ad0                . = ALIGN (0x4)
                0x0000000010008ad0                __text_region_end = .

.ARM.exidx      0x0000000010008ad0        0x8
                0x0000000010008ad0                __exidx_start = .
 *(SORT_BY_ALIGNMENT(.ARM.exidx*) SORT_BY_ALIGNMENT(gnu.linkonce.armexidx.*))
 .ARM.exidx     0x0000000010008ad0        0x8 /home/marcus/zephyr-sdk-0.17.2/arm-zephyr-eabi/bin/../lib/gcc/arm-zephyr-eabi/12.2.0/thumb/v6-m/nofp/libgcc.a(_udivmoddi4.o)
                0x0000000010008ad8                __exidx_end = .
                0x0000000010008ad8                __rodata_region_start = .

initlevel       0x0000000010008ad8       0x60
                0x0000000010008ad8                __init_start = .
                0x0000000010008ad8                __init_EARLY_start = .
 *(SORT_BY_NAME(SORT_BY_ALIGNMENT(.z_init_EARLY_P_?_*)))
 *(SORT_BY_NAME(SORT_BY_ALIGNMENT(.z_init_EARLY_P_??_*)))
 *(SORT_BY_NAME(SORT_BY_ALIGNMENT(.z_init_EARLY_P_???_*)))
                0x0000000010008ad8                __init_PRE_KERNEL_1_start = .
 *(SORT_BY_NAME(SORT_BY_ALIGNMENT(.z_init_PRE_KERNEL_1_P_?_*)))
 *(SORT_BY_NAME(SORT_BY_ALIGNMENT(.z_init_PRE_KERNEL_1_P_??_*)))
 .z_init_PRE_KERNEL_1_P_30_SUB_00025_
                0x0000000010008ad8        0x8 zephyr/drivers/clock_control/libdrivers__clock_control.a(clock_control_rpi_pico.c.obj)
 .z_init_PRE_KERNEL_1_P_30_SUB_0_
                0x0000000010008ae0        0x8 zephyr/kernel/libkernel.a(kheap.c.obj)
 .z_init_PRE_KERNEL_1_P_35_SUB_00027_
                0x0000000010008ae8        0x8 zephyr/drivers/reset/libdrivers__reset.a(reset_rpi_pico.c.obj)
 .z_init_PRE_KERNEL_1_P_50_SUB_00063_
                0x0000000010008af0        0x8 zephyr/drivers/serial/libdrivers__serial.a(uart_pl011.c.obj)
 .z_init_PRE_KERNEL_1_P_60_SUB_0_
                0x0000000010008af8        0x8 zephyr/drivers/console/libdrivers__console.a(uart_console.c.obj)
 *(SORT_BY_NAME(SORT_BY_ALIGNMENT(.z_init_PRE_KERNEL_1_P_???_*)))
                0x0000000010008b00                __init_PRE_KERNEL_2_start = .
 *(SORT_BY_NAME(SORT_BY_ALIGNMENT(.z_init_PRE_KERNEL_2_P_?_*)))
 .z_init_PRE_KERNEL_2_P_0_SUB_0_
                0x0000000010008b00        0x8 zephyr/drivers/timer/libdrivers__timer.a(cortex_m_systick.c.obj)
 *(SORT_BY_NAME(SORT_BY_ALIGNMENT(.z_init_PRE_KERNEL_2_P_??_*)))
 *(SORT_BY_NAME(SORT_BY_ALIGNMENT(.z_init_PRE_KERNEL_2_P_???_*)))
                0x0000000010008b08                __init_POST_KERNEL_start = .
 *(SORT_BY_NAME(SORT_BY_ALIGNMENT(.z_init_POST_KERNEL_P_?_*)))
 .z_init_POST_KERNEL_P_0_SUB_0_
                0x0000000010008b08        0x8 zephyr/libzephyr.a(log_core.c.obj)
 *(SORT_BY_NAME(SORT_BY_ALIGNMENT(.z_init_POST_KERNEL_P_??_*)))
 .z_init_POST_KERNEL_P_35_SUB_0_
                0x0000000010008b10        0x8 zephyr/lib/libc/common/liblib__libc__common.a(malloc.c.obj)
 .z_init_POST_KERNEL_P_40_SUB_00034_
                0x0000000010008b18        0x8 zephyr/drivers/gpio/libdrivers__gpio.a(gpio_rpi_pico.c.obj)
 .z_init_POST_KERNEL_P_50_SUB_00028_
                0x0000000010008b20        0x8 zephyr/drivers/adc/libdrivers__adc.a(adc_rpi_pico.c.obj)
 .z_init_POST_KERNEL_P_50_SUB_00074_
                0x0000000010008b28        0x8 zephyr/drivers/i2c/libdrivers__i2c.a(i2c_dw.c.obj)
 .z_init_POST_KERNEL_P_85_SUB_00075_
                0x0000000010008b30        0x8 zephyr/drivers/display/libdrivers__display.a(ssd1306.c.obj)
 *(SORT_BY_NAME(SORT_BY_ALIGNMENT(.z_init_POST_KERNEL_P_???_*)))
                0x0000000010008b38                __init_APPLICATION_start = .
 *(SORT_BY_NAME(SORT_BY_ALIGNMENT(.z_init_APPLICATION_P_?_*)))
 *(SORT_BY_NAME(SORT_BY_ALIGNMENT(.z_init_APPLICATION_P_??_*)))
 *(SORT_BY_NAME(SORT_BY_ALIGNMENT(.z_init_APPLICATION_P_???_*)))
                0x0000000010008b38                __init_SMP_start = .
 *(SORT_BY_NAME(SORT_BY_ALIGNMENT(.z_init_SMP_P_?_*)))
 *(SORT_BY_NAME(SORT_BY_ALIGNMENT(.z_init_SMP_P_??_*)))
 *(SORT_BY_NAME(SORT_BY_ALIGNMENT(.z_init_SMP_P_???_*)))
                0x0000000010008b38                __init_end = .

device_area     0x0000000010008b38       0xe0
                0x0000000010008b38                _device_list_start = .
 *(SORT_BY_NAME(SORT_BY_ALIGNMENT(._device.static.*_?_*)))
 *(SORT_BY_NAME(SORT_BY_ALIGNMENT(._device.static.*_??_*)))
 ._device.static.1_30_
                0x0000000010008b38       0x20 zephyr/drivers/clock_control/libdrivers__clock_control.a(clock_control_rpi_pico.c.obj)
                0x0000000010008b38                __device_dts_ord_25
 ._device.static.1_35_
                0x0000000010008b58       0x20 zephyr/drivers/reset/libdrivers__reset.a(reset_rpi_pico.c.obj)
                0x0000000010008b58                __device_dts_ord_27
 ._device.static.1_50_
                0x0000000010008b78       0x20 zephyr/drivers/serial/libdrivers__serial.a(uart_pl011.c.obj)
                0x0000000010008b78                __device_dts_ord_63
 ._device.static.3_40_
                0x0000000010008b98       0x20 zephyr/drivers/gpio/libdrivers__gpio.a(gpio_rpi_pico.c.obj)
                0x0000000010008b98                __device_dts_ord_34
 ._device.static.3_50_
                0x0000000010008bb8       0x20 zephyr/drivers/adc/libdrivers__adc.a(adc_rpi_pico.c.obj)
                0x0000000010008bb8                __device_dts_ord_28
 ._device.static.3_50_
                0x0000000010008bd8       0x20 zephyr/drivers/i2c/libdrivers__i2c.a(i2c_dw.c.obj)
                0x0000000010008bd8                __device_dts_ord_74
 ._device.static.3_85_
                0x0000000010008bf8       0x20 zephyr/drivers/display/libdrivers__display.a(ssd1306.c.obj)
                0x0000000010008bf8                __device_dts_ord_75
 *(SORT_BY_NAME(SORT_BY_ALIGNMENT(._device.static.*_???_*)))
 *(SORT_BY_NAME(SORT_BY_ALIGNMENT(._device.static.*_????_*)))
 *(SORT_BY_NAME(SORT_BY_ALIGNMENT(._device.static.*_?????_*)))
                0x0000000010008c18                _device_list_end = .

sw_isr_table    0x0000000010008c18       0xd0
                0x0000000010008c18                . = ALIGN (0x4)
 *(SORT_BY_ALIGNMENT(.gnu.linkonce.sw_isr_table*))
 .gnu.linkonce.sw_isr_table
                0x0000000010008c18       0xd0 zephyr/CMakeFiles/zephyr_final.dir/isr_tables.c.obj
                0x0000000010008c18                _sw_isr_table

initlevel_error
                0x0000000010008ad8        0x0
 *(SORT_BY_NAME(SORT_BY_ALIGNMENT(.z_init_*)))
                0x0000000000000001                ASSERT ((SIZEOF (initlevel_error) == 0x0), Undefined initialization levels used.)

app_shmem_regions
                0x0000000010008ce8        0x0
                0x0000000010008ce8                __app_shmem_regions_start = .
 *(SORT_BY_NAME(SORT_BY_ALIGNMENT(.app_regions.*)))
                0x0000000010008ce8                __app_shmem_regions_end = .

k_p4wq_initparam_area
                0x0000000010008ce8        0x0
                0x0000000010008ce8                _k_p4wq_initparam_list_start = .
 *(SORT_BY_NAME(SORT_BY_ALIGNMENT(._k_p4wq_initparam.static.*)))
                0x0000000010008ce8                _k_p4wq_initparam_list_end = .

_static_thread_data_area
                0x0000000010008ce8        0x0
                0x0000000010008ce8                __static_thread_data_list_start = .
 *(SORT_BY_NAME(SORT_BY_ALIGNMENT(.__static_thread_data.static.*)))
                0x0000000010008ce8                __static_thread_data_list_end = .

device_deps     0x0000000010008ce8        0x0
                0x0000000010008ce8                __device_deps_start = .
 *(SORT_BY_NAME(SORT_BY_ALIGNMENT(.__device_deps_pass2*)))
                0x0000000010008ce8                __device_deps_end = .

adc_driver_api_area
                0x0000000010008ce8        0xc
                0x0000000010008ce8                _adc_driver_api_list_start = .
 *(SORT_BY_NAME(SORT_BY_ALIGNMENT(._adc_driver_api.static.*)))
 ._adc_driver_api.static.adc_rpi_api_0_
                0x0000000010008ce8        0xc zephyr/drivers/adc/libdrivers__adc.a(adc_rpi_pico.c.obj)
                0x0000000010008cf4                _adc_driver_api_list_end = .

gpio_driver_api_area
                0x0000000010008cf4       0x24
                0x0000000010008cf4                _gpio_driver_api_list_start = .
 *(SORT_BY_NAME(SORT_BY_ALIGNMENT(._gpio_driver_api.static.*)))
 ._gpio_driver_api.static.gpio_rpi_driver_api_
                0x0000000010008cf4       0x24 zephyr/drivers/gpio/libdrivers__gpio.a(gpio_rpi_pico.c.obj)
                0x0000000010008d18                _gpio_driver_api_list_end = .

i2c_driver_api_area
                0x0000000010008d18       0x18
                0x0000000010008d18                _i2c_driver_api_list_start = .
 *(SORT_BY_NAME(SORT_BY_ALIGNMENT(._i2c_driver_api.static.*)))
 ._i2c_driver_api.static.funcs_
                0x0000000010008d18       0x18 zephyr/drivers/i2c/libdrivers__i2c.a(i2c_dw.c.obj)
                0x0000000010008d30                _i2c_driver_api_list_end = .

i2c_target_driver_api_area
                0x0000000010008d30        0x0
                0x0000000010008d30                _i2c_target_driver_api_list_start = .
 *(SORT_BY_NAME(SORT_BY_ALIGNMENT(._i2c_target_driver_api.static.*)))
                0x0000000010008d30                _i2c_target_driver_api_list_end = .

reset_driver_api_area
                0x0000000010008d30       0x10
                0x0000000010008d30                _reset_driver_api_list_start = .
 *(SORT_BY_NAME(SORT_BY_ALIGNMENT(._reset_driver_api.static.*)))
 ._reset_driver_api.static.reset_rpi_driver_api_
                0x0000000010008d30       0x10 zephyr/drivers/reset/libdrivers__reset.a(reset_rpi_pico.c.obj)
                0x0000000010008d40                _reset_driver_api_list_end = .

shared_irq_driver_api_area
                0x0000000010008d40        0x0
                0x0000000010008d40                _shared_irq_driver_api_list_start = .
 *(SORT_BY_NAME(SORT_BY_ALIGNMENT(._shared_irq_driver_api.static.*)))
                0x0000000010008d40                _shared_irq_driver_api_list_end = .

crypto_driver_api_area
                0x0000000010008d40        0x0
                0x0000000010008d40                _crypto_driver_api_list_start = .
 *(SORT_BY_NAME(SORT_BY_ALIGNMENT(._crypto_driver_api.static.*)))
                0x0000000010008d40                _crypto_driver_api_list_end = .

auxdisplay_driver_api_area
                0x0000000010008d40        0x0
                0x0000000010008d40                _auxdisplay_driver_api_list_start = .
 *(SORT_BY_NAME(SORT_BY_ALIGNMENT(._auxdisplay_driver_api.static.*)))
                0x0000000010008d40                _auxdisplay_driver_api_list_end = .

bbram_driver_api_area
                0x0000000010008d40        0x0
                0x0000000010008d40                _bbram_driver_api_list_start = .
 *(SORT_BY_NAME(SORT_BY_ALIGNMENT(._bbram_driver_api.static.*)))
                0x0000000010008d40                _bbram_driver_api_list_end = .

bt_hci_driver_api_area
                0x0000000010008d40        0x0
                0x0000000010008d40                _bt_hci_driver_api_list_start = .
 *(SORT_BY_NAME(SORT_BY_ALIGNMENT(._bt_hci_driver_api.static.*)))
                0x0000000010008d40                _bt_hci_driver_api_list_end = .

can_driver_api_area
                0x0000000010008d40        0x0
                0x0000000010008d40                _can_driver_api_list_start = .
 *(SORT_BY_NAME(SORT_BY_ALIGNMENT(._can_driver_api.static.*)))
                0x0000000010008d40                _can_driver_api_list_end = .

cellular_driver_api_area
                0x0000000010008d40        0x0
                0x0000000010008d40                _cellular_driver_api_list_start = .
 *(SORT_BY_NAME(SORT_BY_ALIGNMENT(._cellular_driver_api.static.*)))
                0x0000000010008d40                _cellular_driver_api_list_end = .

charger_driver_api_area
                0x0000000010008d40        0x0
                0x0000000010008d40                _charger_driver_api_list_start = .
 *(SORT_BY_NAME(SORT_BY_ALIGNMENT(._charger_driver_api.static.*)))
                0x0000000010008d40                _charger_driver_api_list_end = .

clock_control_driver_api_area
                0x0000000010008d40       0x1c
                0x0000000010008d40                _clock_control_driver_api_list_start = .
 *(SORT_BY_NAME(SORT_BY_ALIGNMENT(._clock_control_driver_api.static.*)))
 ._clock_control_driver_api.static.clock_control_rpi_pico_api_
                0x0000000010008d40       0x1c zephyr/drivers/clock_control/libdrivers__clock_control.a(clock_control_rpi_pico.c.obj)
                0x0000000010008d5c                _clock_control_driver_api_list_end = .

comparator_driver_api_area
                0x0000000010008d5c        0x0
                0x0000000010008d5c                _comparator_driver_api_list_start = .
 *(SORT_BY_NAME(SORT_BY_ALIGNMENT(._comparator_driver_api.static.*)))
                0x0000000010008d5c                _comparator_driver_api_list_end = .

coredump_driver_api_area
                0x0000000010008d5c        0x0
                0x0000000010008d5c                _coredump_driver_api_list_start = .
 *(SORT_BY_NAME(SORT_BY_ALIGNMENT(._coredump_driver_api.static.*)))
                0x0000000010008d5c                _coredump_driver_api_list_end = .

counter_driver_api_area
                0x0000000010008d5c        0x0
                0x0000000010008d5c                _counter_driver_api_list_start = .
 *(SORT_BY_NAME(SORT_BY_ALIGNMENT(._counter_driver_api.static.*)))
                0x0000000010008d5c                _counter_driver_api_list_end = .

dac_driver_api_area
                0x0000000010008d5c        0x0
                0x0000000010008d5c                _dac_driver_api_list_start = .
 *(SORT_BY_NAME(SORT_BY_ALIGNMENT(._dac_driver_api.static.*)))
                0x0000000010008d5c                _dac_driver_api_list_end = .

dai_driver_api_area
                0x0000000010008d5c        0x0
                0x0000000010008d5c                _dai_driver_api_list_start = .
 *(SORT_BY_NAME(SORT_BY_ALIGNMENT(._dai_driver_api.static.*)))
                0x0000000010008d5c                _dai_driver_api_list_end = .

display_driver_api_area
                0x0000000010008d5c       0x2c
                0x0000000010008d5c                _display_driver_api_list_start = .
 *(SORT_BY_NAME(SORT_BY_ALIGNMENT(._display_driver_api.static.*)))
 ._display_driver_api.static.ssd1306_driver_api_
                0x0000000010008d5c       0x2c zephyr/drivers/display/libdrivers__display.a(ssd1306.c.obj)
                0x0000000010008d88                _display_driver_api_list_end = .

dma_driver_api_area
                0x0000000010008d88        0x0
                0x0000000010008d88                _dma_driver_api_list_start = .
 *(SORT_BY_NAME(SORT_BY_ALIGNMENT(._dma_driver_api.static.*)))
                0x0000000010008d88                _dma_driver_api_list_end = .

edac_driver_api_area
                0x0000000010008d88        0x0
                0x0000000010008d88                _edac_driver_api_list_start = .
 *(SORT_BY_NAME(SORT_BY_ALIGNMENT(._edac_driver_api.static.*)))
                0x0000000010008d88                _edac_driver_api_list_end = .

eeprom_driver_api_area
                0x0000000010008d88        0x0
                0x0000000010008d88                _eeprom_driver_api_list_start = .
 *(SORT_BY_NAME(SORT_BY_ALIGNMENT(._eeprom_driver_api.static.*)))
                0x0000000010008d88                _eeprom_driver_api_list_end = .

emul_bbram_driver_api_area
                0x0000000010008d88        0x0
                0x0000000010008d88                _emul_bbram_driver_api_list_start = .
 *(SORT_BY_NAME(SORT_BY_ALIGNMENT(._emul_bbram_driver_api.static.*)))
                0x0000000010008d88                _emul_bbram_driver_api_list_end = .

fuel_gauge_emul_driver_api_area
                0x0000000010008d88        0x0
                0x0000000010008d88                _fuel_gauge_emul_driver_api_list_start = .
 *(SORT_BY_NAME(SORT_BY_ALIGNMENT(._fuel_gauge_emul_driver_api.static.*)))
                0x0000000010008d88                _fuel_gauge_emul_driver_api_list_end = .

emul_sensor_driver_api_area
                0x0000000010008d88        0x0
                0x0000000010008d88                _emul_sensor_driver_api_list_start = .
 *(SORT_BY_NAME(SORT_BY_ALIGNMENT(._emul_sensor_driver_api.static.*)))
                0x0000000010008d88                _emul_sensor_driver_api_list_end = .

entropy_driver_api_area
                0x0000000010008d88        0x0
                0x0000000010008d88                _entropy_driver_api_list_start = .
 *(SORT_BY_NAME(SORT_BY_ALIGNMENT(._entropy_driver_api.static.*)))
                0x0000000010008d88                _entropy_driver_api_list_end = .

espi_driver_api_area
                0x0000000010008d88        0x0
                0x0000000010008d88                _espi_driver_api_list_start = .
 *(SORT_BY_NAME(SORT_BY_ALIGNMENT(._espi_driver_api.static.*)))
                0x0000000010008d88                _espi_driver_api_list_end = .

espi_saf_driver_api_area
                0x0000000010008d88        0x0
                0x0000000010008d88                _espi_saf_driver_api_list_start = .
 *(SORT_BY_NAME(SORT_BY_ALIGNMENT(._espi_saf_driver_api.static.*)))
                0x0000000010008d88                _espi_saf_driver_api_list_end = .

flash_driver_api_area
                0x0000000010008d88        0x0
                0x0000000010008d88                _flash_driver_api_list_start = .
 *(SORT_BY_NAME(SORT_BY_ALIGNMENT(._flash_driver_api.static.*)))
                0x0000000010008d88                _flash_driver_api_list_end = .

fpga_driver_api_area
                0x0000000010008d88        0x0
                0x0000000010008d88                _fpga_driver_api_list_start = .
 *(SORT_BY_NAME(SORT_BY_ALIGNMENT(._fpga_driver_api.static.*)))
                0x0000000010008d88                _fpga_driver_api_list_end = .

fuel_gauge_driver_api_area
                0x0000000010008d88        0x0
                0x0000000010008d88                _fuel_gauge_driver_api_list_start = .
 *(SORT_BY_NAME(SORT_BY_ALIGNMENT(._fuel_gauge_driver_api.static.*)))
                0x0000000010008d88                _fuel_gauge_driver_api_list_end = .

gnss_driver_api_area
                0x0000000010008d88        0x0
                0x0000000010008d88                _gnss_driver_api_list_start = .
 *(SORT_BY_NAME(SORT_BY_ALIGNMENT(._gnss_driver_api.static.*)))
                0x0000000010008d88                _gnss_driver_api_list_end = .

haptics_driver_api_area
                0x0000000010008d88        0x0
                0x0000000010008d88                _haptics_driver_api_list_start = .
 *(SORT_BY_NAME(SORT_BY_ALIGNMENT(._haptics_driver_api.static.*)))
                0x0000000010008d88                _haptics_driver_api_list_end = .

hwspinlock_driver_api_area
                0x0000000010008d88        0x0
                0x0000000010008d88                _hwspinlock_driver_api_list_start = .
 *(SORT_BY_NAME(SORT_BY_ALIGNMENT(._hwspinlock_driver_api.static.*)))
                0x0000000010008d88                _hwspinlock_driver_api_list_end = .

i2s_driver_api_area
                0x0000000010008d88        0x0
                0x0000000010008d88                _i2s_driver_api_list_start = .
 *(SORT_BY_NAME(SORT_BY_ALIGNMENT(._i2s_driver_api.static.*)))
                0x0000000010008d88                _i2s_driver_api_list_end = .

i3c_driver_api_area
                0x0000000010008d88        0x0
                0x0000000010008d88                _i3c_driver_api_list_start = .
 *(SORT_BY_NAME(SORT_BY_ALIGNMENT(._i3c_driver_api.static.*)))
                0x0000000010008d88                _i3c_driver_api_list_end = .

ipm_driver_api_area
                0x0000000010008d88        0x0
                0x0000000010008d88                _ipm_driver_api_list_start = .
 *(SORT_BY_NAME(SORT_BY_ALIGNMENT(._ipm_driver_api.static.*)))
                0x0000000010008d88                _ipm_driver_api_list_end = .

led_driver_api_area
                0x0000000010008d88        0x0
                0x0000000010008d88                _led_driver_api_list_start = .
 *(SORT_BY_NAME(SORT_BY_ALIGNMENT(._led_driver_api.static.*)))
                0x0000000010008d88                _led_driver_api_list_end = .

led_strip_driver_api_area
                0x0000000010008d88        0x0
                0x0000000010008d88                _led_strip_driver_api_list_start = .
 *(SORT_BY_NAME(SORT_BY_ALIGNMENT(._led_strip_driver_api.static.*)))
                0x0000000010008d88                _led_strip_driver_api_list_end = .

lora_driver_api_area
                0x0000000010008d88        0x0
                0x0000000010008d88                _lora_driver_api_list_start = .
 *(SORT_BY_NAME(SORT_BY_ALIGNMENT(._lora_driver_api.static.*)))
                0x0000000010008d88                _lora_driver_api_list_end = .

mbox_driver_api_area
                0x0000000010008d88        0x0
                0x0000000010008d88                _mbox_driver_api_list_start = .
 *(SORT_BY_NAME(SORT_BY_ALIGNMENT(._mbox_driver_api.static.*)))
                0x0000000010008d88                _mbox_driver_api_list_end = .

mdio_driver_api_area
                0x0000000010008d88        0x0
                0x0000000010008d88                _mdio_driver_api_list_start = .
 *(SORT_BY_NAME(SORT_BY_ALIGNMENT(._mdio_driver_api.static.*)))
                0x0000000010008d88                _mdio_driver_api_list_end = .

mipi_dbi_driver_api_area
                0x0000000010008d88        0x0
                0x0000000010008d88                _mipi_dbi_driver_api_list_start = .
 *(SORT_BY_NAME(SORT_BY_ALIGNMENT(._mipi_dbi_driver_api.static.*)))
                0x0000000010008d88                _mipi_dbi_driver_api_list_end = .

mipi_dsi_driver_api_area
                0x0000000010008d88        0x0
                0x0000000010008d88                _mipi_dsi_driver_api_list_start = .
 *(SORT_BY_NAME(SORT_BY_ALIGNMENT(._mipi_dsi_driver_api.static.*)))
                0x0000000010008d88                _mipi_dsi_driver_api_list_end = .

mspi_driver_api_area
                0x0000000010008d88        0x0
                0x0000000010008d88                _mspi_driver_api_list_start = .
 *(SORT_BY_NAME(SORT_BY_ALIGNMENT(._mspi_driver_api.static.*)))
                0x0000000010008d88                _mspi_driver_api_list_end = .

peci_driver_api_area
                0x0000000010008d88        0x0
                0x0000000010008d88                _peci_driver_api_list_start = .
 *(SORT_BY_NAME(SORT_BY_ALIGNMENT(._peci_driver_api.static.*)))
                0x0000000010008d88                _peci_driver_api_list_end = .

ps2_driver_api_area
                0x0000000010008d88        0x0
                0x0000000010008d88                _ps2_driver_api_list_start = .
 *(SORT_BY_NAME(SORT_BY_ALIGNMENT(._ps2_driver_api.static.*)))
                0x0000000010008d88                _ps2_driver_api_list_end = .

ptp_clock_driver_api_area
                0x0000000010008d88        0x0
                0x0000000010008d88                _ptp_clock_driver_api_list_start = .
 *(SORT_BY_NAME(SORT_BY_ALIGNMENT(._ptp_clock_driver_api.static.*)))
                0x0000000010008d88                _ptp_clock_driver_api_list_end = .

pwm_driver_api_area
                0x0000000010008d88        0x0
                0x0000000010008d88                _pwm_driver_api_list_start = .
 *(SORT_BY_NAME(SORT_BY_ALIGNMENT(._pwm_driver_api.static.*)))
                0x0000000010008d88                _pwm_driver_api_list_end = .

regulator_parent_driver_api_area
                0x0000000010008d88        0x0
                0x0000000010008d88                _regulator_parent_driver_api_list_start = .
 *(SORT_BY_NAME(SORT_BY_ALIGNMENT(._regulator_parent_driver_api.static.*)))
                0x0000000010008d88                _regulator_parent_driver_api_list_end = .

regulator_driver_api_area
                0x0000000010008d88        0x0
                0x0000000010008d88                _regulator_driver_api_list_start = .
 *(SORT_BY_NAME(SORT_BY_ALIGNMENT(._regulator_driver_api.static.*)))
                0x0000000010008d88                _regulator_driver_api_list_end = .

retained_mem_driver_api_area
                0x0000000010008d88        0x0
                0x0000000010008d88                _retained_mem_driver_api_list_start = .
 *(SORT_BY_NAME(SORT_BY_ALIGNMENT(._retained_mem_driver_api.static.*)))
                0x0000000010008d88                _retained_mem_driver_api_list_end = .

rtc_driver_api_area
                0x0000000010008d88        0x0
                0x0000000010008d88                _rtc_driver_api_list_start = .
 *(SORT_BY_NAME(SORT_BY_ALIGNMENT(._rtc_driver_api.static.*)))
                0x0000000010008d88                _rtc_driver_api_list_end = .

sdhc_driver_api_area
                0x0000000010008d88        0x0
                0x0000000010008d88                _sdhc_driver_api_list_start = .
 *(SORT_BY_NAME(SORT_BY_ALIGNMENT(._sdhc_driver_api.static.*)))
                0x0000000010008d88                _sdhc_driver_api_list_end = .

sensor_driver_api_area
                0x0000000010008d88        0x0
                0x0000000010008d88                _sensor_driver_api_list_start = .
 *(SORT_BY_NAME(SORT_BY_ALIGNMENT(._sensor_driver_api.static.*)))
                0x0000000010008d88                _sensor_driver_api_list_end = .

smbus_driver_api_area
                0x0000000010008d88        0x0
                0x0000000010008d88                _smbus_driver_api_list_start = .
 *(SORT_BY_NAME(SORT_BY_ALIGNMENT(._smbus_driver_api.static.*)))
                0x0000000010008d88                _smbus_driver_api_list_end = .

spi_driver_api_area
                0x0000000010008d88        0x0
                0x0000000010008d88                _spi_driver_api_list_start = .
 *(SORT_BY_NAME(SORT_BY_ALIGNMENT(._spi_driver_api.static.*)))